[2025-11-19T21:36:48.522+0000] {taskinstance.py:1956} INFO - Dependencies all met for dep_context=non-requeueable deps ti=<TaskInstance: full_ml_pipeline_v2.retrain_task manual__2025-11-19T21:31:09.231799+00:00 [queued]>
[2025-11-19T21:36:48.532+0000] {taskinstance.py:1956} INFO - Dependencies all met for dep_context=requeueable deps ti=<TaskInstance: full_ml_pipeline_v2.retrain_task manual__2025-11-19T21:31:09.231799+00:00 [queued]>
[2025-11-19T21:36:48.533+0000] {taskinstance.py:2170} INFO - Starting attempt 2 of 2
[2025-11-19T21:36:48.548+0000] {taskinstance.py:2191} INFO - Executing <Task(BashOperator): retrain_task> on 2025-11-19 21:31:09.231799+00:00
[2025-11-19T21:36:48.553+0000] {standard_task_runner.py:60} INFO - Started process 453 to run task
[2025-11-19T21:36:48.557+0000] {standard_task_runner.py:87} INFO - Running: ['***', 'tasks', 'run', 'full_ml_pipeline_v2', 'retrain_task', 'manual__2025-11-19T21:31:09.231799+00:00', '--job-id', '15', '--raw', '--subdir', 'DAGS_FOLDER/pipeline_dag.py', '--cfg-path', '/tmp/tmpb77mrjm1']
[2025-11-19T21:36:48.559+0000] {standard_task_runner.py:88} INFO - Job 15: Subtask retrain_task
[2025-11-19T21:36:48.787+0000] {task_command.py:423} INFO - Running <TaskInstance: full_ml_pipeline_v2.retrain_task manual__2025-11-19T21:31:09.231799+00:00 [running]> on host ae5cbfb06204
[2025-11-19T21:36:48.858+0000] {taskinstance.py:2480} INFO - Exporting env vars: AIRFLOW_CTX_DAG_OWNER='equipo_datos' AIRFLOW_CTX_DAG_ID='full_ml_pipeline_v2' AIRFLOW_CTX_TASK_ID='retrain_task' AIRFLOW_CTX_EXECUTION_DATE='2025-11-19T21:31:09.231799+00:00' AIRFLOW_CTX_TRY_NUMBER='2' AIRFLOW_CTX_DAG_RUN_ID='manual__2025-11-19T21:31:09.231799+00:00'
[2025-11-19T21:36:48.859+0000] {subprocess.py:63} INFO - Tmp dir root location: /tmp
[2025-11-19T21:36:48.861+0000] {subprocess.py:75} INFO - Running command: ['/usr/bin/bash', '-c', 'python /opt/***/scripts/train_optuna_mlflow.py']
[2025-11-19T21:36:48.870+0000] {subprocess.py:86} INFO - Output:
[2025-11-19T21:36:51.574+0000] {subprocess.py:93} INFO - [I 2025-11-19 21:36:51,574] A new study created in memory with name: no-name-2c473e89-0a78-4689-8104-fdf850dfd820
[2025-11-19T21:36:51.590+0000] {subprocess.py:93} INFO - [W 2025-11-19 21:36:51,583] Trial 0 failed with parameters: {'n_estimators': 180, 'max_depth': 6, 'learning_rate': 0.07388356270147212, 'subsample': 0.9277036031841326, 'colsample_bytree': 0.6526574625057338} because of the following error: ValueError('DataFrame.dtypes for data must be int, float, bool or category. When categorical type is supplied, the experimental DMatrix parameter`enable_categorical` must be set to `True`.  Invalid columns:purchase_date: datetime64[ns]').
[2025-11-19T21:36:51.591+0000] {subprocess.py:93} INFO - Traceback (most recent call last):
[2025-11-19T21:36:51.592+0000] {subprocess.py:93} INFO -   File "/home/***/.local/lib/python3.8/site-packages/optuna/study/_optimize.py", line 201, in _run_trial
[2025-11-19T21:36:51.593+0000] {subprocess.py:93} INFO -     value_or_values = func(trial)
[2025-11-19T21:36:51.593+0000] {subprocess.py:93} INFO -   File "/opt/***/scripts/train_optuna_mlflow.py", line 56, in obj
[2025-11-19T21:36:51.594+0000] {subprocess.py:93} INFO -     return objective(trial, X_train, y_train, X_test, y_test)
[2025-11-19T21:36:51.594+0000] {subprocess.py:93} INFO -   File "/opt/***/scripts/train_optuna_mlflow.py", line 46, in objective
[2025-11-19T21:36:51.595+0000] {subprocess.py:93} INFO -     clf.fit(X_train, y_train)
[2025-11-19T21:36:51.596+0000] {subprocess.py:93} INFO -   File "/home/***/.local/lib/python3.8/site-packages/xgboost/core.py", line 726, in inner_f
[2025-11-19T21:36:51.596+0000] {subprocess.py:93} INFO -     return func(**kwargs)
[2025-11-19T21:36:51.597+0000] {subprocess.py:93} INFO -   File "/home/***/.local/lib/python3.8/site-packages/xgboost/sklearn.py", line 1580, in fit
[2025-11-19T21:36:51.597+0000] {subprocess.py:93} INFO -     train_dmatrix, evals = _wrap_evaluation_matrices(
[2025-11-19T21:36:51.598+0000] {subprocess.py:93} INFO -   File "/home/***/.local/lib/python3.8/site-packages/xgboost/sklearn.py", line 603, in _wrap_evaluation_matrices
[2025-11-19T21:36:51.598+0000] {subprocess.py:93} INFO -     train_dmatrix = create_dmatrix(
[2025-11-19T21:36:51.599+0000] {subprocess.py:93} INFO -   File "/home/***/.local/lib/python3.8/site-packages/xgboost/sklearn.py", line 1065, in _create_dmatrix
[2025-11-19T21:36:51.599+0000] {subprocess.py:93} INFO -     return QuantileDMatrix(
[2025-11-19T21:36:51.600+0000] {subprocess.py:93} INFO -   File "/home/***/.local/lib/python3.8/site-packages/xgboost/core.py", line 726, in inner_f
[2025-11-19T21:36:51.600+0000] {subprocess.py:93} INFO -     return func(**kwargs)
[2025-11-19T21:36:51.601+0000] {subprocess.py:93} INFO -   File "/home/***/.local/lib/python3.8/site-packages/xgboost/core.py", line 1573, in __init__
[2025-11-19T21:36:51.602+0000] {subprocess.py:93} INFO -     self._init(
[2025-11-19T21:36:51.602+0000] {subprocess.py:93} INFO -   File "/home/***/.local/lib/python3.8/site-packages/xgboost/core.py", line 1632, in _init
[2025-11-19T21:36:51.603+0000] {subprocess.py:93} INFO -     it.reraise()
[2025-11-19T21:36:51.603+0000] {subprocess.py:93} INFO -   File "/home/***/.local/lib/python3.8/site-packages/xgboost/core.py", line 569, in reraise
[2025-11-19T21:36:51.604+0000] {subprocess.py:93} INFO -     raise exc  # pylint: disable=raising-bad-type
[2025-11-19T21:36:51.604+0000] {subprocess.py:93} INFO -   File "/home/***/.local/lib/python3.8/site-packages/xgboost/core.py", line 550, in _handle_exception
[2025-11-19T21:36:51.605+0000] {subprocess.py:93} INFO -     return fn()
[2025-11-19T21:36:51.605+0000] {subprocess.py:93} INFO -   File "/home/***/.local/lib/python3.8/site-packages/xgboost/core.py", line 637, in <lambda>
[2025-11-19T21:36:51.606+0000] {subprocess.py:93} INFO -     return self._handle_exception(lambda: self.next(input_data), 0)
[2025-11-19T21:36:51.606+0000] {subprocess.py:93} INFO -   File "/home/***/.local/lib/python3.8/site-packages/xgboost/data.py", line 1402, in next
[2025-11-19T21:36:51.607+0000] {subprocess.py:93} INFO -     input_data(**self.kwargs)
[2025-11-19T21:36:51.607+0000] {subprocess.py:93} INFO -   File "/home/***/.local/lib/python3.8/site-packages/xgboost/core.py", line 726, in inner_f
[2025-11-19T21:36:51.608+0000] {subprocess.py:93} INFO -     return func(**kwargs)
[2025-11-19T21:36:51.608+0000] {subprocess.py:93} INFO -   File "/home/***/.local/lib/python3.8/site-packages/xgboost/core.py", line 617, in input_data
[2025-11-19T21:36:51.609+0000] {subprocess.py:93} INFO -     new, cat_codes, feature_names, feature_types = _proxy_transform(
[2025-11-19T21:36:51.609+0000] {subprocess.py:93} INFO -   File "/home/***/.local/lib/python3.8/site-packages/xgboost/data.py", line 1447, in _proxy_transform
[2025-11-19T21:36:51.609+0000] {subprocess.py:93} INFO -     df, feature_names, feature_types = _transform_pandas_df(
[2025-11-19T21:36:51.610+0000] {subprocess.py:93} INFO -   File "/home/***/.local/lib/python3.8/site-packages/xgboost/data.py", line 603, in _transform_pandas_df
[2025-11-19T21:36:51.611+0000] {subprocess.py:93} INFO -     pandas_check_dtypes(data, enable_categorical)
[2025-11-19T21:36:51.612+0000] {subprocess.py:93} INFO -   File "/home/***/.local/lib/python3.8/site-packages/xgboost/data.py", line 569, in pandas_check_dtypes
[2025-11-19T21:36:51.612+0000] {subprocess.py:93} INFO -     _invalid_dataframe_dtype(data)
[2025-11-19T21:36:51.613+0000] {subprocess.py:93} INFO -   File "/home/***/.local/lib/python3.8/site-packages/xgboost/data.py", line 356, in _invalid_dataframe_dtype
[2025-11-19T21:36:51.613+0000] {subprocess.py:93} INFO -     raise ValueError(msg)
[2025-11-19T21:36:51.614+0000] {subprocess.py:93} INFO - ValueError: DataFrame.dtypes for data must be int, float, bool or category. When categorical type is supplied, the experimental DMatrix parameter`enable_categorical` must be set to `True`.  Invalid columns:purchase_date: datetime64[ns]
[2025-11-19T21:36:51.615+0000] {subprocess.py:93} INFO - [W 2025-11-19 21:36:51,590] Trial 0 failed with value None.
[2025-11-19T21:36:51.615+0000] {subprocess.py:93} INFO - Traceback (most recent call last):
[2025-11-19T21:36:51.616+0000] {subprocess.py:93} INFO -   File "/opt/***/scripts/train_optuna_mlflow.py", line 81, in <module>
[2025-11-19T21:36:51.617+0000] {subprocess.py:93} INFO -     run()
[2025-11-19T21:36:51.618+0000] {subprocess.py:93} INFO -   File "/opt/***/scripts/train_optuna_mlflow.py", line 58, in run
[2025-11-19T21:36:51.618+0000] {subprocess.py:93} INFO -     study.optimize(obj, n_trials=20)  # ajustar n_trials para producción
[2025-11-19T21:36:51.619+0000] {subprocess.py:93} INFO -   File "/home/***/.local/lib/python3.8/site-packages/optuna/study/study.py", line 490, in optimize
[2025-11-19T21:36:51.620+0000] {subprocess.py:93} INFO -     _optimize(
[2025-11-19T21:36:51.620+0000] {subprocess.py:93} INFO -   File "/home/***/.local/lib/python3.8/site-packages/optuna/study/_optimize.py", line 63, in _optimize
[2025-11-19T21:36:51.621+0000] {subprocess.py:93} INFO -     _optimize_sequential(
[2025-11-19T21:36:51.621+0000] {subprocess.py:93} INFO -   File "/home/***/.local/lib/python3.8/site-packages/optuna/study/_optimize.py", line 160, in _optimize_sequential
[2025-11-19T21:36:51.621+0000] {subprocess.py:93} INFO -     frozen_trial_id = _run_trial(study, func, catch)
[2025-11-19T21:36:51.622+0000] {subprocess.py:93} INFO -   File "/home/***/.local/lib/python3.8/site-packages/optuna/study/_optimize.py", line 258, in _run_trial
[2025-11-19T21:36:51.622+0000] {subprocess.py:93} INFO -     raise func_err
[2025-11-19T21:36:51.623+0000] {subprocess.py:93} INFO -   File "/home/***/.local/lib/python3.8/site-packages/optuna/study/_optimize.py", line 201, in _run_trial
[2025-11-19T21:36:51.624+0000] {subprocess.py:93} INFO -     value_or_values = func(trial)
[2025-11-19T21:36:51.625+0000] {subprocess.py:93} INFO -   File "/opt/***/scripts/train_optuna_mlflow.py", line 56, in obj
[2025-11-19T21:36:51.626+0000] {subprocess.py:93} INFO -     return objective(trial, X_train, y_train, X_test, y_test)
[2025-11-19T21:36:51.627+0000] {subprocess.py:93} INFO -   File "/opt/***/scripts/train_optuna_mlflow.py", line 46, in objective
[2025-11-19T21:36:51.628+0000] {subprocess.py:93} INFO -     clf.fit(X_train, y_train)
[2025-11-19T21:36:51.629+0000] {subprocess.py:93} INFO -   File "/home/***/.local/lib/python3.8/site-packages/xgboost/core.py", line 726, in inner_f
[2025-11-19T21:36:51.630+0000] {subprocess.py:93} INFO -     return func(**kwargs)
[2025-11-19T21:36:51.630+0000] {subprocess.py:93} INFO -   File "/home/***/.local/lib/python3.8/site-packages/xgboost/sklearn.py", line 1580, in fit
[2025-11-19T21:36:51.631+0000] {subprocess.py:93} INFO -     train_dmatrix, evals = _wrap_evaluation_matrices(
[2025-11-19T21:36:51.631+0000] {subprocess.py:93} INFO -   File "/home/***/.local/lib/python3.8/site-packages/xgboost/sklearn.py", line 603, in _wrap_evaluation_matrices
[2025-11-19T21:36:51.632+0000] {subprocess.py:93} INFO -     train_dmatrix = create_dmatrix(
[2025-11-19T21:36:51.632+0000] {subprocess.py:93} INFO -   File "/home/***/.local/lib/python3.8/site-packages/xgboost/sklearn.py", line 1065, in _create_dmatrix
[2025-11-19T21:36:51.633+0000] {subprocess.py:93} INFO -     return QuantileDMatrix(
[2025-11-19T21:36:51.634+0000] {subprocess.py:93} INFO -   File "/home/***/.local/lib/python3.8/site-packages/xgboost/core.py", line 726, in inner_f
[2025-11-19T21:36:51.634+0000] {subprocess.py:93} INFO -     return func(**kwargs)
[2025-11-19T21:36:51.635+0000] {subprocess.py:93} INFO -   File "/home/***/.local/lib/python3.8/site-packages/xgboost/core.py", line 1573, in __init__
[2025-11-19T21:36:51.635+0000] {subprocess.py:93} INFO -     self._init(
[2025-11-19T21:36:51.636+0000] {subprocess.py:93} INFO -   File "/home/***/.local/lib/python3.8/site-packages/xgboost/core.py", line 1632, in _init
[2025-11-19T21:36:51.636+0000] {subprocess.py:93} INFO -     it.reraise()
[2025-11-19T21:36:51.637+0000] {subprocess.py:93} INFO -   File "/home/***/.local/lib/python3.8/site-packages/xgboost/core.py", line 569, in reraise
[2025-11-19T21:36:51.637+0000] {subprocess.py:93} INFO -     raise exc  # pylint: disable=raising-bad-type
[2025-11-19T21:36:51.638+0000] {subprocess.py:93} INFO -   File "/home/***/.local/lib/python3.8/site-packages/xgboost/core.py", line 550, in _handle_exception
[2025-11-19T21:36:51.638+0000] {subprocess.py:93} INFO -     return fn()
[2025-11-19T21:36:51.639+0000] {subprocess.py:93} INFO -   File "/home/***/.local/lib/python3.8/site-packages/xgboost/core.py", line 637, in <lambda>
[2025-11-19T21:36:51.639+0000] {subprocess.py:93} INFO -     return self._handle_exception(lambda: self.next(input_data), 0)
[2025-11-19T21:36:51.639+0000] {subprocess.py:93} INFO -   File "/home/***/.local/lib/python3.8/site-packages/xgboost/data.py", line 1402, in next
[2025-11-19T21:36:51.640+0000] {subprocess.py:93} INFO -     input_data(**self.kwargs)
[2025-11-19T21:36:51.640+0000] {subprocess.py:93} INFO -   File "/home/***/.local/lib/python3.8/site-packages/xgboost/core.py", line 726, in inner_f
[2025-11-19T21:36:51.641+0000] {subprocess.py:93} INFO -     return func(**kwargs)
[2025-11-19T21:36:51.641+0000] {subprocess.py:93} INFO -   File "/home/***/.local/lib/python3.8/site-packages/xgboost/core.py", line 617, in input_data
[2025-11-19T21:36:51.642+0000] {subprocess.py:93} INFO -     new, cat_codes, feature_names, feature_types = _proxy_transform(
[2025-11-19T21:36:51.642+0000] {subprocess.py:93} INFO -   File "/home/***/.local/lib/python3.8/site-packages/xgboost/data.py", line 1447, in _proxy_transform
[2025-11-19T21:36:51.642+0000] {subprocess.py:93} INFO -     df, feature_names, feature_types = _transform_pandas_df(
[2025-11-19T21:36:51.644+0000] {subprocess.py:93} INFO -   File "/home/***/.local/lib/python3.8/site-packages/xgboost/data.py", line 603, in _transform_pandas_df
[2025-11-19T21:36:51.645+0000] {subprocess.py:93} INFO -     pandas_check_dtypes(data, enable_categorical)
[2025-11-19T21:36:51.645+0000] {subprocess.py:93} INFO -   File "/home/***/.local/lib/python3.8/site-packages/xgboost/data.py", line 569, in pandas_check_dtypes
[2025-11-19T21:36:51.646+0000] {subprocess.py:93} INFO -     _invalid_dataframe_dtype(data)
[2025-11-19T21:36:51.646+0000] {subprocess.py:93} INFO -   File "/home/***/.local/lib/python3.8/site-packages/xgboost/data.py", line 356, in _invalid_dataframe_dtype
[2025-11-19T21:36:51.647+0000] {subprocess.py:93} INFO -     raise ValueError(msg)
[2025-11-19T21:36:51.647+0000] {subprocess.py:93} INFO - ValueError: DataFrame.dtypes for data must be int, float, bool or category. When categorical type is supplied, the experimental DMatrix parameter`enable_categorical` must be set to `True`.  Invalid columns:purchase_date: datetime64[ns]
[2025-11-19T21:36:51.955+0000] {subprocess.py:97} INFO - Command exited with return code 1
[2025-11-19T21:36:51.967+0000] {taskinstance.py:2698} ERROR - Task failed with exception
Traceback (most recent call last):
  File "/home/airflow/.local/lib/python3.8/site-packages/airflow/models/taskinstance.py", line 433, in _execute_task
    result = execute_callable(context=context, **execute_callable_kwargs)
  File "/home/airflow/.local/lib/python3.8/site-packages/airflow/operators/bash.py", line 212, in execute
    raise AirflowException(
airflow.exceptions.AirflowException: Bash command failed. The command returned a non-zero exit code 1.
[2025-11-19T21:36:51.971+0000] {taskinstance.py:1138} INFO - Marking task as FAILED. dag_id=full_ml_pipeline_v2, task_id=retrain_task, execution_date=20251119T213109, start_date=20251119T213648, end_date=20251119T213651
[2025-11-19T21:36:51.985+0000] {standard_task_runner.py:107} ERROR - Failed to execute job 15 for task retrain_task (Bash command failed. The command returned a non-zero exit code 1.; 453)
[2025-11-19T21:36:52.027+0000] {local_task_job_runner.py:234} INFO - Task exited with return code 1
[2025-11-19T21:36:52.169+0000] {taskinstance.py:3280} INFO - 0 downstream tasks scheduled from follow-on schedule check
