[2025-11-19T21:39:40.105+0000] {taskinstance.py:1956} INFO - Dependencies all met for dep_context=non-requeueable deps ti=<TaskInstance: full_ml_pipeline_v2.retrain_task manual__2025-11-19T21:39:15.358997+00:00 [queued]>
[2025-11-19T21:39:40.115+0000] {taskinstance.py:1956} INFO - Dependencies all met for dep_context=requeueable deps ti=<TaskInstance: full_ml_pipeline_v2.retrain_task manual__2025-11-19T21:39:15.358997+00:00 [queued]>
[2025-11-19T21:39:40.116+0000] {taskinstance.py:2170} INFO - Starting attempt 1 of 2
[2025-11-19T21:39:40.134+0000] {taskinstance.py:2191} INFO - Executing <Task(BashOperator): retrain_task> on 2025-11-19 21:39:15.358997+00:00
[2025-11-19T21:39:40.141+0000] {standard_task_runner.py:60} INFO - Started process 629 to run task
[2025-11-19T21:39:40.145+0000] {standard_task_runner.py:87} INFO - Running: ['***', 'tasks', 'run', 'full_ml_pipeline_v2', 'retrain_task', 'manual__2025-11-19T21:39:15.358997+00:00', '--job-id', '20', '--raw', '--subdir', 'DAGS_FOLDER/pipeline_dag.py', '--cfg-path', '/tmp/tmp2d32xxqq']
[2025-11-19T21:39:40.148+0000] {standard_task_runner.py:88} INFO - Job 20: Subtask retrain_task
[2025-11-19T21:39:40.354+0000] {task_command.py:423} INFO - Running <TaskInstance: full_ml_pipeline_v2.retrain_task manual__2025-11-19T21:39:15.358997+00:00 [running]> on host ae5cbfb06204
[2025-11-19T21:39:40.434+0000] {taskinstance.py:2480} INFO - Exporting env vars: AIRFLOW_CTX_DAG_OWNER='equipo_datos' AIRFLOW_CTX_DAG_ID='full_ml_pipeline_v2' AIRFLOW_CTX_TASK_ID='retrain_task' AIRFLOW_CTX_EXECUTION_DATE='2025-11-19T21:39:15.358997+00:00' AIRFLOW_CTX_TRY_NUMBER='1' AIRFLOW_CTX_DAG_RUN_ID='manual__2025-11-19T21:39:15.358997+00:00'
[2025-11-19T21:39:40.436+0000] {subprocess.py:63} INFO - Tmp dir root location: /tmp
[2025-11-19T21:39:40.438+0000] {subprocess.py:75} INFO - Running command: ['/usr/bin/bash', '-c', 'python /opt/***/scripts/train_optuna_mlflow.py']
[2025-11-19T21:39:40.446+0000] {subprocess.py:86} INFO - Output:
[2025-11-19T21:39:42.881+0000] {subprocess.py:93} INFO - [I 2025-11-19 21:39:42,881] A new study created in memory with name: no-name-ea152b48-7bdd-4e88-8729-291e0e99d6ae
[2025-11-19T21:39:50.929+0000] {subprocess.py:93} INFO - /home/***/.local/lib/python3.8/site-packages/xgboost/core.py:158: UserWarning: [21:39:43] WARNING: /workspace/src/learner.cc:740:
[2025-11-19T21:39:50.929+0000] {subprocess.py:93} INFO - Parameters: { "use_label_encoder" } are not used.
[2025-11-19T21:39:50.930+0000] {subprocess.py:93} INFO - 
[2025-11-19T21:39:50.930+0000] {subprocess.py:93} INFO -   warnings.warn(smsg, UserWarning)
[2025-11-19T21:39:50.930+0000] {subprocess.py:93} INFO - [I 2025-11-19 21:39:50,928] Trial 0 finished with value: 0.625382731469244 and parameters: {'n_estimators': 157, 'max_depth': 6, 'learning_rate': 0.09217911880037477, 'subsample': 0.6194131418986635, 'colsample_bytree': 0.8995405070535769}. Best is trial 0 with value: 0.625382731469244.
[2025-11-19T21:39:56.663+0000] {subprocess.py:93} INFO - /home/***/.local/lib/python3.8/site-packages/xgboost/core.py:158: UserWarning: [21:39:51] WARNING: /workspace/src/learner.cc:740:
[2025-11-19T21:39:56.664+0000] {subprocess.py:93} INFO - Parameters: { "use_label_encoder" } are not used.
[2025-11-19T21:39:56.664+0000] {subprocess.py:93} INFO - 
[2025-11-19T21:39:56.665+0000] {subprocess.py:93} INFO -   warnings.warn(smsg, UserWarning)
[2025-11-19T21:39:56.665+0000] {subprocess.py:93} INFO - [I 2025-11-19 21:39:56,663] Trial 1 finished with value: 0.5647251808448739 and parameters: {'n_estimators': 131, 'max_depth': 5, 'learning_rate': 0.037612320651535906, 'subsample': 0.7369491622158291, 'colsample_bytree': 0.9657367336301704}. Best is trial 0 with value: 0.625382731469244.
[2025-11-19T21:40:02.969+0000] {subprocess.py:93} INFO - /home/***/.local/lib/python3.8/site-packages/xgboost/core.py:158: UserWarning: [21:39:56] WARNING: /workspace/src/learner.cc:740:
[2025-11-19T21:40:02.970+0000] {subprocess.py:93} INFO - Parameters: { "use_label_encoder" } are not used.
[2025-11-19T21:40:02.970+0000] {subprocess.py:93} INFO - 
[2025-11-19T21:40:02.971+0000] {subprocess.py:93} INFO -   warnings.warn(smsg, UserWarning)
[2025-11-19T21:40:02.972+0000] {subprocess.py:93} INFO - [I 2025-11-19 21:40:02,969] Trial 2 finished with value: 0.5573536628053836 and parameters: {'n_estimators': 145, 'max_depth': 5, 'learning_rate': 0.02498694145139692, 'subsample': 0.9510962331724047, 'colsample_bytree': 0.8104922375989285}. Best is trial 0 with value: 0.625382731469244.
[2025-11-19T21:40:08.572+0000] {subprocess.py:93} INFO - /home/***/.local/lib/python3.8/site-packages/xgboost/core.py:158: UserWarning: [21:40:03] WARNING: /workspace/src/learner.cc:740:
[2025-11-19T21:40:08.573+0000] {subprocess.py:93} INFO - Parameters: { "use_label_encoder" } are not used.
[2025-11-19T21:40:08.574+0000] {subprocess.py:93} INFO - 
[2025-11-19T21:40:08.575+0000] {subprocess.py:93} INFO -   warnings.warn(smsg, UserWarning)
[2025-11-19T21:40:08.575+0000] {subprocess.py:93} INFO - [I 2025-11-19 21:40:08,572] Trial 3 finished with value: 0.5551930068595674 and parameters: {'n_estimators': 172, 'max_depth': 3, 'learning_rate': 0.0777227501800171, 'subsample': 0.6513102635110538, 'colsample_bytree': 0.7685839511307351}. Best is trial 0 with value: 0.625382731469244.
[2025-11-19T21:40:15.751+0000] {subprocess.py:93} INFO - /home/***/.local/lib/python3.8/site-packages/xgboost/core.py:158: UserWarning: [21:40:08] WARNING: /workspace/src/learner.cc:740:
[2025-11-19T21:40:15.752+0000] {subprocess.py:93} INFO - Parameters: { "use_label_encoder" } are not used.
[2025-11-19T21:40:15.753+0000] {subprocess.py:93} INFO - 
[2025-11-19T21:40:15.753+0000] {subprocess.py:93} INFO -   warnings.warn(smsg, UserWarning)
[2025-11-19T21:40:15.754+0000] {subprocess.py:93} INFO - [I 2025-11-19 21:40:15,751] Trial 4 finished with value: 0.5794349800280194 and parameters: {'n_estimators': 111, 'max_depth': 7, 'learning_rate': 0.02446657760233948, 'subsample': 0.8213266733049842, 'colsample_bytree': 0.8664299754673945}. Best is trial 0 with value: 0.625382731469244.
[2025-11-19T21:40:20.972+0000] {subprocess.py:93} INFO - /home/***/.local/lib/python3.8/site-packages/xgboost/core.py:158: UserWarning: [21:40:15] WARNING: /workspace/src/learner.cc:740:
[2025-11-19T21:40:20.973+0000] {subprocess.py:93} INFO - Parameters: { "use_label_encoder" } are not used.
[2025-11-19T21:40:20.973+0000] {subprocess.py:93} INFO - 
[2025-11-19T21:40:20.974+0000] {subprocess.py:93} INFO -   warnings.warn(smsg, UserWarning)
[2025-11-19T21:40:20.974+0000] {subprocess.py:93} INFO - [I 2025-11-19 21:40:20,972] Trial 5 finished with value: 0.6948164713500293 and parameters: {'n_estimators': 105, 'max_depth': 8, 'learning_rate': 0.20092242238594368, 'subsample': 0.6009276848956876, 'colsample_bytree': 0.77903251087578}. Best is trial 5 with value: 0.6948164713500293.
[2025-11-19T21:40:29.533+0000] {subprocess.py:93} INFO - /home/***/.local/lib/python3.8/site-packages/xgboost/core.py:158: UserWarning: [21:40:21] WARNING: /workspace/src/learner.cc:740:
[2025-11-19T21:40:29.533+0000] {subprocess.py:93} INFO - Parameters: { "use_label_encoder" } are not used.
[2025-11-19T21:40:29.539+0000] {subprocess.py:93} INFO - 
[2025-11-19T21:40:29.539+0000] {subprocess.py:93} INFO -   warnings.warn(smsg, UserWarning)
[2025-11-19T21:40:29.540+0000] {subprocess.py:93} INFO - [I 2025-11-19 21:40:29,532] Trial 6 finished with value: 0.5614976809332756 and parameters: {'n_estimators': 178, 'max_depth': 6, 'learning_rate': 0.015061569153189264, 'subsample': 0.6870000635904177, 'colsample_bytree': 0.9088971017902416}. Best is trial 5 with value: 0.6948164713500293.
[2025-11-19T21:40:46.936+0000] {subprocess.py:93} INFO - /home/***/.local/lib/python3.8/site-packages/xgboost/core.py:158: UserWarning: [21:40:29] WARNING: /workspace/src/learner.cc:740:
[2025-11-19T21:40:46.937+0000] {subprocess.py:93} INFO - Parameters: { "use_label_encoder" } are not used.
[2025-11-19T21:40:46.937+0000] {subprocess.py:93} INFO - 
[2025-11-19T21:40:46.938+0000] {subprocess.py:93} INFO -   warnings.warn(smsg, UserWarning)
[2025-11-19T21:40:46.938+0000] {subprocess.py:93} INFO - [I 2025-11-19 21:40:46,936] Trial 7 finished with value: 0.619671756991955 and parameters: {'n_estimators': 192, 'max_depth': 8, 'learning_rate': 0.0275450768440214, 'subsample': 0.9668366202803661, 'colsample_bytree': 0.6503485050682912}. Best is trial 5 with value: 0.6948164713500293.
[2025-11-19T21:40:53.669+0000] {subprocess.py:93} INFO - /home/***/.local/lib/python3.8/site-packages/xgboost/core.py:158: UserWarning: [21:40:47] WARNING: /workspace/src/learner.cc:740:
[2025-11-19T21:40:53.670+0000] {subprocess.py:93} INFO - Parameters: { "use_label_encoder" } are not used.
[2025-11-19T21:40:53.670+0000] {subprocess.py:93} INFO - 
[2025-11-19T21:40:53.671+0000] {subprocess.py:93} INFO -   warnings.warn(smsg, UserWarning)
[2025-11-19T21:40:53.671+0000] {subprocess.py:93} INFO - [I 2025-11-19 21:40:53,669] Trial 8 finished with value: 0.5424923409547685 and parameters: {'n_estimators': 148, 'max_depth': 4, 'learning_rate': 0.02677565027570471, 'subsample': 0.7883157689381668, 'colsample_bytree': 0.7198183844539063}. Best is trial 5 with value: 0.6948164713500293.
[2025-11-19T21:41:06.703+0000] {subprocess.py:93} INFO - /home/***/.local/lib/python3.8/site-packages/xgboost/core.py:158: UserWarning: [21:40:53] WARNING: /workspace/src/learner.cc:740:
[2025-11-19T21:41:06.704+0000] {subprocess.py:93} INFO - Parameters: { "use_label_encoder" } are not used.
[2025-11-19T21:41:06.704+0000] {subprocess.py:93} INFO - 
[2025-11-19T21:41:06.705+0000] {subprocess.py:93} INFO -   warnings.warn(smsg, UserWarning)
[2025-11-19T21:41:06.705+0000] {subprocess.py:93} INFO - [I 2025-11-19 21:41:06,703] Trial 9 finished with value: 0.5841703766444146 and parameters: {'n_estimators': 127, 'max_depth': 7, 'learning_rate': 0.026309853944611408, 'subsample': 0.9311070544150621, 'colsample_bytree': 0.7044564024553515}. Best is trial 5 with value: 0.6948164713500293.
[2025-11-19T21:41:18.449+0000] {subprocess.py:93} INFO - /home/***/.local/lib/python3.8/site-packages/xgboost/core.py:158: UserWarning: [21:41:06] WARNING: /workspace/src/learner.cc:740:
[2025-11-19T21:41:18.450+0000] {subprocess.py:93} INFO - Parameters: { "use_label_encoder" } are not used.
[2025-11-19T21:41:18.451+0000] {subprocess.py:93} INFO - 
[2025-11-19T21:41:18.451+0000] {subprocess.py:93} INFO -   warnings.warn(smsg, UserWarning)
[2025-11-19T21:41:18.451+0000] {subprocess.py:93} INFO - [I 2025-11-19 21:41:18,449] Trial 10 finished with value: 0.7012841176952468 and parameters: {'n_estimators': 101, 'max_depth': 8, 'learning_rate': 0.2717460499546982, 'subsample': 0.8492263006102432, 'colsample_bytree': 0.6152299259457102}. Best is trial 10 with value: 0.7012841176952468.
[2025-11-19T21:41:37.758+0000] {subprocess.py:93} INFO - /home/***/.local/lib/python3.8/site-packages/xgboost/core.py:158: UserWarning: [21:41:18] WARNING: /workspace/src/learner.cc:740:
[2025-11-19T21:41:37.759+0000] {subprocess.py:93} INFO - Parameters: { "use_label_encoder" } are not used.
[2025-11-19T21:41:37.760+0000] {subprocess.py:93} INFO - 
[2025-11-19T21:41:37.760+0000] {subprocess.py:93} INFO -   warnings.warn(smsg, UserWarning)
[2025-11-19T21:41:37.761+0000] {subprocess.py:93} INFO - [I 2025-11-19 21:41:37,758] Trial 11 finished with value: 0.6993912838041625 and parameters: {'n_estimators': 102, 'max_depth': 8, 'learning_rate': 0.26887349981535175, 'subsample': 0.8512402761729776, 'colsample_bytree': 0.605078953122037}. Best is trial 10 with value: 0.7012841176952468.
[2025-11-19T21:42:16.165+0000] {subprocess.py:93} INFO - /home/***/.local/lib/python3.8/site-packages/xgboost/core.py:158: UserWarning: [21:41:38] WARNING: /workspace/src/learner.cc:740:
[2025-11-19T21:42:16.165+0000] {subprocess.py:93} INFO - Parameters: { "use_label_encoder" } are not used.
[2025-11-19T21:42:16.166+0000] {subprocess.py:93} INFO - 
[2025-11-19T21:42:16.166+0000] {subprocess.py:93} INFO -   warnings.warn(smsg, UserWarning)
[2025-11-19T21:42:16.167+0000] {subprocess.py:93} INFO - [I 2025-11-19 21:42:16,164] Trial 12 finished with value: 0.706133807444521 and parameters: {'n_estimators': 102, 'max_depth': 8, 'learning_rate': 0.2960988437823763, 'subsample': 0.8605009890971309, 'colsample_bytree': 0.6056541777999838}. Best is trial 12 with value: 0.706133807444521.
[2025-11-19T21:42:22.298+0000] {subprocess.py:93} INFO - /home/***/.local/lib/python3.8/site-packages/xgboost/core.py:158: UserWarning: [21:42:16] WARNING: /workspace/src/learner.cc:740:
[2025-11-19T21:42:22.299+0000] {subprocess.py:93} INFO - Parameters: { "use_label_encoder" } are not used.
[2025-11-19T21:42:22.299+0000] {subprocess.py:93} INFO - 
[2025-11-19T21:42:22.299+0000] {subprocess.py:93} INFO -   warnings.warn(smsg, UserWarning)
[2025-11-19T21:42:22.300+0000] {subprocess.py:93} INFO - [I 2025-11-19 21:42:22,298] Trial 13 finished with value: 0.6566724077106983 and parameters: {'n_estimators': 121, 'max_depth': 7, 'learning_rate': 0.1516306671137494, 'subsample': 0.8800588300482174, 'colsample_bytree': 0.6327057436591866}. Best is trial 12 with value: 0.706133807444521.
[2025-11-19T21:42:30.093+0000] {subprocess.py:93} INFO - /home/***/.local/lib/python3.8/site-packages/xgboost/core.py:158: UserWarning: [21:42:22] WARNING: /workspace/src/learner.cc:740:
[2025-11-19T21:42:30.094+0000] {subprocess.py:93} INFO - Parameters: { "use_label_encoder" } are not used.
[2025-11-19T21:42:30.095+0000] {subprocess.py:93} INFO - 
[2025-11-19T21:42:30.095+0000] {subprocess.py:93} INFO -   warnings.warn(smsg, UserWarning)
[2025-11-19T21:42:30.095+0000] {subprocess.py:93} INFO - [I 2025-11-19 21:42:30,093] Trial 14 finished with value: 0.675147061209197 and parameters: {'n_estimators': 117, 'max_depth': 8, 'learning_rate': 0.1393931769231219, 'subsample': 0.892138590847594, 'colsample_bytree': 0.6779429706555787}. Best is trial 12 with value: 0.706133807444521.
[2025-11-19T21:42:34.426+0000] {subprocess.py:93} INFO - /home/***/.local/lib/python3.8/site-packages/xgboost/core.py:158: UserWarning: [21:42:30] WARNING: /workspace/src/learner.cc:740:
[2025-11-19T21:42:34.427+0000] {subprocess.py:93} INFO - Parameters: { "use_label_encoder" } are not used.
[2025-11-19T21:42:34.428+0000] {subprocess.py:93} INFO - 
[2025-11-19T21:42:34.428+0000] {subprocess.py:93} INFO -   warnings.warn(smsg, UserWarning)
[2025-11-19T21:42:34.429+0000] {subprocess.py:93} INFO - [I 2025-11-19 21:42:34,426] Trial 15 finished with value: 0.6825096457084404 and parameters: {'n_estimators': 100, 'max_depth': 7, 'learning_rate': 0.27496876146830973, 'subsample': 0.7823718036780369, 'colsample_bytree': 0.6159658093888032}. Best is trial 12 with value: 0.706133807444521.
[2025-11-19T21:42:40.380+0000] {subprocess.py:93} INFO - /home/***/.local/lib/python3.8/site-packages/xgboost/core.py:158: UserWarning: [21:42:34] WARNING: /workspace/src/learner.cc:740:
[2025-11-19T21:42:40.381+0000] {subprocess.py:93} INFO - Parameters: { "use_label_encoder" } are not used.
[2025-11-19T21:42:40.382+0000] {subprocess.py:93} INFO - 
[2025-11-19T21:42:40.382+0000] {subprocess.py:93} INFO -   warnings.warn(smsg, UserWarning)
[2025-11-19T21:42:40.382+0000] {subprocess.py:93} INFO - [I 2025-11-19 21:42:40,380] Trial 16 finished with value: 0.6223938784440501 and parameters: {'n_estimators': 131, 'max_depth': 6, 'learning_rate': 0.11175853464800661, 'subsample': 0.7419198355549591, 'colsample_bytree': 0.7101057745101436}. Best is trial 12 with value: 0.706133807444521.
[2025-11-19T21:42:47.547+0000] {subprocess.py:93} INFO - /home/***/.local/lib/python3.8/site-packages/xgboost/core.py:158: UserWarning: [21:42:40] WARNING: /workspace/src/learner.cc:740:
[2025-11-19T21:42:47.547+0000] {subprocess.py:93} INFO - Parameters: { "use_label_encoder" } are not used.
[2025-11-19T21:42:47.548+0000] {subprocess.py:93} INFO - 
[2025-11-19T21:42:47.549+0000] {subprocess.py:93} INFO -   warnings.warn(smsg, UserWarning)
[2025-11-19T21:42:47.549+0000] {subprocess.py:93} INFO - [I 2025-11-19 21:42:47,546] Trial 17 finished with value: 0.6369684288326265 and parameters: {'n_estimators': 140, 'max_depth': 8, 'learning_rate': 0.05834992844847182, 'subsample': 0.9150398658620764, 'colsample_bytree': 0.6679966615124263}. Best is trial 12 with value: 0.706133807444521.
[2025-11-19T21:42:53.820+0000] {subprocess.py:93} INFO - /home/***/.local/lib/python3.8/site-packages/xgboost/core.py:158: UserWarning: [21:42:47] WARNING: /workspace/src/learner.cc:740:
[2025-11-19T21:42:53.820+0000] {subprocess.py:93} INFO - Parameters: { "use_label_encoder" } are not used.
[2025-11-19T21:42:53.821+0000] {subprocess.py:93} INFO - 
[2025-11-19T21:42:53.821+0000] {subprocess.py:93} INFO -   warnings.warn(smsg, UserWarning)
[2025-11-19T21:42:53.822+0000] {subprocess.py:93} INFO - [I 2025-11-19 21:42:53,819] Trial 18 finished with value: 0.6697025788957994 and parameters: {'n_estimators': 114, 'max_depth': 7, 'learning_rate': 0.19818959084623294, 'subsample': 0.9994027503705486, 'colsample_bytree': 0.6011880334387095}. Best is trial 12 with value: 0.706133807444521.
[2025-11-19T21:42:57.899+0000] {subprocess.py:93} INFO - /home/***/.local/lib/python3.8/site-packages/xgboost/core.py:158: UserWarning: [21:42:53] WARNING: /workspace/src/learner.cc:740:
[2025-11-19T21:42:57.900+0000] {subprocess.py:93} INFO - Parameters: { "use_label_encoder" } are not used.
[2025-11-19T21:42:57.901+0000] {subprocess.py:93} INFO - 
[2025-11-19T21:42:57.901+0000] {subprocess.py:93} INFO -   warnings.warn(smsg, UserWarning)
[2025-11-19T21:42:57.901+0000] {subprocess.py:93} INFO - [I 2025-11-19 21:42:57,899] Trial 19 finished with value: 0.5164915273718608 and parameters: {'n_estimators': 160, 'max_depth': 3, 'learning_rate': 0.010422809113663936, 'subsample': 0.8255115183718954, 'colsample_bytree': 0.7442867298599778}. Best is trial 12 with value: 0.706133807444521.
[2025-11-19T21:43:03.378+0000] {subprocess.py:93} INFO - /home/***/.local/lib/python3.8/site-packages/xgboost/core.py:158: UserWarning: [21:42:58] WARNING: /workspace/src/learner.cc:740:
[2025-11-19T21:43:03.379+0000] {subprocess.py:93} INFO - Parameters: { "use_label_encoder" } are not used.
[2025-11-19T21:43:03.380+0000] {subprocess.py:93} INFO - 
[2025-11-19T21:43:03.380+0000] {subprocess.py:93} INFO -   warnings.warn(smsg, UserWarning)
[2025-11-19T21:43:03.381+0000] {subprocess.py:93} INFO - 2025/11/19 21:43:03 WARNING mlflow.utils.git_utils: Failed to import Git (the Git executable is probably not on your PATH), so Git SHA is not available. Error: Failed to initialize: Bad git executable.
[2025-11-19T21:43:03.381+0000] {subprocess.py:93} INFO - The git executable must be specified in one of the following ways:
[2025-11-19T21:43:03.382+0000] {subprocess.py:93} INFO -     - be included in your $PATH
[2025-11-19T21:43:03.382+0000] {subprocess.py:93} INFO -     - be set via $GIT_PYTHON_GIT_EXECUTABLE
[2025-11-19T21:43:03.383+0000] {subprocess.py:93} INFO -     - explicitly set via git.refresh(<full-path-to-git-executable>)
[2025-11-19T21:43:03.383+0000] {subprocess.py:93} INFO - 
[2025-11-19T21:43:03.383+0000] {subprocess.py:93} INFO - All git commands will error until this is rectified.
[2025-11-19T21:43:03.384+0000] {subprocess.py:93} INFO - 
[2025-11-19T21:43:03.384+0000] {subprocess.py:93} INFO - This initial message can be silenced or aggravated in the future by setting the
[2025-11-19T21:43:03.385+0000] {subprocess.py:93} INFO - $GIT_PYTHON_REFRESH environment variable. Use one of the following values:
[2025-11-19T21:43:03.385+0000] {subprocess.py:93} INFO -     - quiet|q|silence|s|silent|none|n|0: for no message or exception
[2025-11-19T21:43:03.386+0000] {subprocess.py:93} INFO -     - warn|w|warning|log|l|1: for a warning message (logging level CRITICAL, displayed by default)
[2025-11-19T21:43:03.386+0000] {subprocess.py:93} INFO -     - error|e|exception|raise|r|2: for a raised exception
[2025-11-19T21:43:03.387+0000] {subprocess.py:93} INFO - 
[2025-11-19T21:43:03.387+0000] {subprocess.py:93} INFO - Example:
[2025-11-19T21:43:03.388+0000] {subprocess.py:93} INFO -     export GIT_PYTHON_REFRESH=quiet
[2025-11-19T21:43:03.388+0000] {subprocess.py:93} INFO - 
[2025-11-19T21:43:08.762+0000] {subprocess.py:93} INFO - Traceback (most recent call last):
[2025-11-19T21:43:08.763+0000] {subprocess.py:93} INFO -   File "/opt/***/scripts/train_optuna_mlflow.py", line 81, in <module>
[2025-11-19T21:43:08.764+0000] {subprocess.py:93} INFO -     run()
[2025-11-19T21:43:08.764+0000] {subprocess.py:93} INFO -   File "/opt/***/scripts/train_optuna_mlflow.py", line 71, in run
[2025-11-19T21:43:08.765+0000] {subprocess.py:93} INFO -     mlflow.sklearn.log_model(best_model, artifact_path='model')
[2025-11-19T21:43:08.765+0000] {subprocess.py:93} INFO -   File "/home/***/.local/lib/python3.8/site-packages/mlflow/sklearn/__init__.py", line 411, in log_model
[2025-11-19T21:43:08.766+0000] {subprocess.py:93} INFO -     return Model.log(
[2025-11-19T21:43:08.767+0000] {subprocess.py:93} INFO -   File "/home/***/.local/lib/python3.8/site-packages/mlflow/models/model.py", line 620, in log
[2025-11-19T21:43:08.767+0000] {subprocess.py:93} INFO -     mlflow.tracking.fluent.log_artifacts(local_path, mlflow_model.artifact_path)
[2025-11-19T21:43:08.768+0000] {subprocess.py:93} INFO -   File "/home/***/.local/lib/python3.8/site-packages/mlflow/tracking/fluent.py", line 1030, in log_artifacts
[2025-11-19T21:43:08.768+0000] {subprocess.py:93} INFO -     MlflowClient().log_artifacts(run_id, local_dir, artifact_path)
[2025-11-19T21:43:08.769+0000] {subprocess.py:93} INFO -   File "/home/***/.local/lib/python3.8/site-packages/mlflow/tracking/client.py", line 1195, in log_artifacts
[2025-11-19T21:43:08.769+0000] {subprocess.py:93} INFO -     self._tracking_client.log_artifacts(run_id, local_dir, artifact_path)
[2025-11-19T21:43:08.770+0000] {subprocess.py:93} INFO -   File "/home/***/.local/lib/python3.8/site-packages/mlflow/tracking/_tracking_service/client.py", line 538, in log_artifacts
[2025-11-19T21:43:08.770+0000] {subprocess.py:93} INFO -     self._get_artifact_repo(run_id).log_artifacts(local_dir, artifact_path)
[2025-11-19T21:43:08.771+0000] {subprocess.py:93} INFO -   File "/home/***/.local/lib/python3.8/site-packages/mlflow/store/artifact/local_artifact_repo.py", line 59, in log_artifacts
[2025-11-19T21:43:08.771+0000] {subprocess.py:93} INFO -     mkdir(artifact_dir)
[2025-11-19T21:43:08.772+0000] {subprocess.py:93} INFO -   File "/home/***/.local/lib/python3.8/site-packages/mlflow/utils/file_utils.py", line 204, in mkdir
[2025-11-19T21:43:08.772+0000] {subprocess.py:93} INFO -     raise e
[2025-11-19T21:43:08.773+0000] {subprocess.py:93} INFO -   File "/home/***/.local/lib/python3.8/site-packages/mlflow/utils/file_utils.py", line 201, in mkdir
[2025-11-19T21:43:08.774+0000] {subprocess.py:93} INFO -     os.makedirs(target)
[2025-11-19T21:43:08.774+0000] {subprocess.py:93} INFO -   File "/usr/local/lib/python3.8/os.py", line 213, in makedirs
[2025-11-19T21:43:08.775+0000] {subprocess.py:93} INFO -     makedirs(head, exist_ok=exist_ok)
[2025-11-19T21:43:08.776+0000] {subprocess.py:93} INFO -   File "/usr/local/lib/python3.8/os.py", line 213, in makedirs
[2025-11-19T21:43:08.776+0000] {subprocess.py:93} INFO -     makedirs(head, exist_ok=exist_ok)
[2025-11-19T21:43:08.777+0000] {subprocess.py:93} INFO -   File "/usr/local/lib/python3.8/os.py", line 213, in makedirs
[2025-11-19T21:43:08.778+0000] {subprocess.py:93} INFO -     makedirs(head, exist_ok=exist_ok)
[2025-11-19T21:43:08.778+0000] {subprocess.py:93} INFO -   [Previous line repeated 1 more time]
[2025-11-19T21:43:08.779+0000] {subprocess.py:93} INFO -   File "/usr/local/lib/python3.8/os.py", line 223, in makedirs
[2025-11-19T21:43:08.779+0000] {subprocess.py:93} INFO -     mkdir(name, mode)
[2025-11-19T21:43:08.780+0000] {subprocess.py:93} INFO - PermissionError: [Errno 13] Permission denied: '/mlruns'
[2025-11-19T21:43:09.146+0000] {subprocess.py:97} INFO - Command exited with return code 1
[2025-11-19T21:43:09.158+0000] {taskinstance.py:2698} ERROR - Task failed with exception
Traceback (most recent call last):
  File "/home/airflow/.local/lib/python3.8/site-packages/airflow/models/taskinstance.py", line 433, in _execute_task
    result = execute_callable(context=context, **execute_callable_kwargs)
  File "/home/airflow/.local/lib/python3.8/site-packages/airflow/operators/bash.py", line 212, in execute
    raise AirflowException(
airflow.exceptions.AirflowException: Bash command failed. The command returned a non-zero exit code 1.
[2025-11-19T21:43:09.161+0000] {taskinstance.py:1138} INFO - Marking task as UP_FOR_RETRY. dag_id=full_ml_pipeline_v2, task_id=retrain_task, execution_date=20251119T213915, start_date=20251119T213940, end_date=20251119T214309
[2025-11-19T21:43:09.175+0000] {standard_task_runner.py:107} ERROR - Failed to execute job 20 for task retrain_task (Bash command failed. The command returned a non-zero exit code 1.; 629)
[2025-11-19T21:43:09.213+0000] {local_task_job_runner.py:234} INFO - Task exited with return code 1
[2025-11-19T21:43:09.236+0000] {taskinstance.py:3280} INFO - 0 downstream tasks scheduled from follow-on schedule check
