[2025-11-19T21:48:11.825+0000] {taskinstance.py:1956} INFO - Dependencies all met for dep_context=non-requeueable deps ti=<TaskInstance: full_ml_pipeline_v2.retrain_task manual__2025-11-19T21:39:15.358997+00:00 [queued]>
[2025-11-19T21:48:11.836+0000] {taskinstance.py:1956} INFO - Dependencies all met for dep_context=requeueable deps ti=<TaskInstance: full_ml_pipeline_v2.retrain_task manual__2025-11-19T21:39:15.358997+00:00 [queued]>
[2025-11-19T21:48:11.836+0000] {taskinstance.py:2170} INFO - Starting attempt 2 of 2
[2025-11-19T21:48:11.852+0000] {taskinstance.py:2191} INFO - Executing <Task(BashOperator): retrain_task> on 2025-11-19 21:39:15.358997+00:00
[2025-11-19T21:48:11.857+0000] {standard_task_runner.py:60} INFO - Started process 718 to run task
[2025-11-19T21:48:11.862+0000] {standard_task_runner.py:87} INFO - Running: ['***', 'tasks', 'run', 'full_ml_pipeline_v2', 'retrain_task', 'manual__2025-11-19T21:39:15.358997+00:00', '--job-id', '21', '--raw', '--subdir', 'DAGS_FOLDER/pipeline_dag.py', '--cfg-path', '/tmp/tmp7vxguip4']
[2025-11-19T21:48:11.865+0000] {standard_task_runner.py:88} INFO - Job 21: Subtask retrain_task
[2025-11-19T21:48:12.083+0000] {task_command.py:423} INFO - Running <TaskInstance: full_ml_pipeline_v2.retrain_task manual__2025-11-19T21:39:15.358997+00:00 [running]> on host ae5cbfb06204
[2025-11-19T21:48:12.158+0000] {taskinstance.py:2480} INFO - Exporting env vars: AIRFLOW_CTX_DAG_OWNER='equipo_datos' AIRFLOW_CTX_DAG_ID='full_ml_pipeline_v2' AIRFLOW_CTX_TASK_ID='retrain_task' AIRFLOW_CTX_EXECUTION_DATE='2025-11-19T21:39:15.358997+00:00' AIRFLOW_CTX_TRY_NUMBER='2' AIRFLOW_CTX_DAG_RUN_ID='manual__2025-11-19T21:39:15.358997+00:00'
[2025-11-19T21:48:12.159+0000] {subprocess.py:63} INFO - Tmp dir root location: /tmp
[2025-11-19T21:48:12.160+0000] {subprocess.py:75} INFO - Running command: ['/usr/bin/bash', '-c', 'python /opt/***/scripts/train_optuna_mlflow.py']
[2025-11-19T21:48:12.169+0000] {subprocess.py:86} INFO - Output:
[2025-11-19T21:48:14.819+0000] {subprocess.py:93} INFO - [I 2025-11-19 21:48:14,819] A new study created in memory with name: no-name-aa2a8870-0a7d-46ec-af44-19e0d547810c
[2025-11-19T21:48:22.486+0000] {subprocess.py:93} INFO - /home/***/.local/lib/python3.8/site-packages/xgboost/core.py:158: UserWarning: [21:48:15] WARNING: /workspace/src/learner.cc:740:
[2025-11-19T21:48:22.488+0000] {subprocess.py:93} INFO - Parameters: { "use_label_encoder" } are not used.
[2025-11-19T21:48:22.488+0000] {subprocess.py:93} INFO - 
[2025-11-19T21:48:22.489+0000] {subprocess.py:93} INFO -   warnings.warn(smsg, UserWarning)
[2025-11-19T21:48:22.490+0000] {subprocess.py:93} INFO - [I 2025-11-19 21:48:22,486] Trial 0 finished with value: 0.6669945437653608 and parameters: {'n_estimators': 188, 'max_depth': 7, 'learning_rate': 0.10323384169765709, 'subsample': 0.6076045581522539, 'colsample_bytree': 0.8031174231239941}. Best is trial 0 with value: 0.6669945437653608.
[2025-11-19T21:48:26.543+0000] {subprocess.py:93} INFO - /home/***/.local/lib/python3.8/site-packages/xgboost/core.py:158: UserWarning: [21:48:22] WARNING: /workspace/src/learner.cc:740:
[2025-11-19T21:48:26.544+0000] {subprocess.py:93} INFO - Parameters: { "use_label_encoder" } are not used.
[2025-11-19T21:48:26.544+0000] {subprocess.py:93} INFO - 
[2025-11-19T21:48:26.545+0000] {subprocess.py:93} INFO -   warnings.warn(smsg, UserWarning)
[2025-11-19T21:48:26.545+0000] {subprocess.py:93} INFO - [I 2025-11-19 21:48:26,543] Trial 1 finished with value: 0.5912971739398178 and parameters: {'n_estimators': 137, 'max_depth': 4, 'learning_rate': 0.15069351280567764, 'subsample': 0.7014798242741712, 'colsample_bytree': 0.9722789053705794}. Best is trial 0 with value: 0.6669945437653608.
[2025-11-19T21:48:33.176+0000] {subprocess.py:93} INFO - /home/***/.local/lib/python3.8/site-packages/xgboost/core.py:158: UserWarning: [21:48:26] WARNING: /workspace/src/learner.cc:740:
[2025-11-19T21:48:33.176+0000] {subprocess.py:93} INFO - Parameters: { "use_label_encoder" } are not used.
[2025-11-19T21:48:33.177+0000] {subprocess.py:93} INFO - 
[2025-11-19T21:48:33.177+0000] {subprocess.py:93} INFO -   warnings.warn(smsg, UserWarning)
[2025-11-19T21:48:33.178+0000] {subprocess.py:93} INFO - [I 2025-11-19 21:48:33,175] Trial 2 finished with value: 0.5590174285651623 and parameters: {'n_estimators': 175, 'max_depth': 6, 'learning_rate': 0.01402267762845492, 'subsample': 0.6663697226455902, 'colsample_bytree': 0.8917734295161419}. Best is trial 0 with value: 0.6669945437653608.
[2025-11-19T21:48:38.735+0000] {subprocess.py:93} INFO - /home/***/.local/lib/python3.8/site-packages/xgboost/core.py:158: UserWarning: [21:48:33] WARNING: /workspace/src/learner.cc:740:
[2025-11-19T21:48:38.736+0000] {subprocess.py:93} INFO - Parameters: { "use_label_encoder" } are not used.
[2025-11-19T21:48:38.736+0000] {subprocess.py:93} INFO - 
[2025-11-19T21:48:38.737+0000] {subprocess.py:93} INFO -   warnings.warn(smsg, UserWarning)
[2025-11-19T21:48:38.737+0000] {subprocess.py:93} INFO - [I 2025-11-19 21:48:38,735] Trial 3 finished with value: 0.6771327313578233 and parameters: {'n_estimators': 131, 'max_depth': 8, 'learning_rate': 0.13620285522473113, 'subsample': 0.7058266661330566, 'colsample_bytree': 0.65517299859381}. Best is trial 3 with value: 0.6771327313578233.
[2025-11-19T21:48:43.804+0000] {subprocess.py:93} INFO - /home/***/.local/lib/python3.8/site-packages/xgboost/core.py:158: UserWarning: [21:48:38] WARNING: /workspace/src/learner.cc:740:
[2025-11-19T21:48:43.805+0000] {subprocess.py:93} INFO - Parameters: { "use_label_encoder" } are not used.
[2025-11-19T21:48:43.805+0000] {subprocess.py:93} INFO - 
[2025-11-19T21:48:43.806+0000] {subprocess.py:93} INFO -   warnings.warn(smsg, UserWarning)
[2025-11-19T21:48:43.806+0000] {subprocess.py:93} INFO - [I 2025-11-19 21:48:43,804] Trial 4 finished with value: 0.588155110758714 and parameters: {'n_estimators': 120, 'max_depth': 7, 'learning_rate': 0.03249688208311792, 'subsample': 0.7701089400053573, 'colsample_bytree': 0.68049764114545}. Best is trial 3 with value: 0.6771327313578233.
[2025-11-19T21:48:47.716+0000] {subprocess.py:93} INFO - /home/***/.local/lib/python3.8/site-packages/xgboost/core.py:158: UserWarning: [21:48:43] WARNING: /workspace/src/learner.cc:740:
[2025-11-19T21:48:47.717+0000] {subprocess.py:93} INFO - Parameters: { "use_label_encoder" } are not used.
[2025-11-19T21:48:47.718+0000] {subprocess.py:93} INFO - 
[2025-11-19T21:48:47.718+0000] {subprocess.py:93} INFO -   warnings.warn(smsg, UserWarning)
[2025-11-19T21:48:47.719+0000] {subprocess.py:93} INFO - [I 2025-11-19 21:48:47,716] Trial 5 finished with value: 0.546385047415798 and parameters: {'n_estimators': 138, 'max_depth': 4, 'learning_rate': 0.031324077523782336, 'subsample': 0.9265812885754556, 'colsample_bytree': 0.9020955700081469}. Best is trial 3 with value: 0.6771327313578233.
[2025-11-19T21:48:53.814+0000] {subprocess.py:93} INFO - /home/***/.local/lib/python3.8/site-packages/xgboost/core.py:158: UserWarning: [21:48:47] WARNING: /workspace/src/learner.cc:740:
[2025-11-19T21:48:53.815+0000] {subprocess.py:93} INFO - Parameters: { "use_label_encoder" } are not used.
[2025-11-19T21:48:53.815+0000] {subprocess.py:93} INFO - 
[2025-11-19T21:48:53.815+0000] {subprocess.py:93} INFO -   warnings.warn(smsg, UserWarning)
[2025-11-19T21:48:53.816+0000] {subprocess.py:93} INFO - [I 2025-11-19 21:48:53,813] Trial 6 finished with value: 0.6264430644422041 and parameters: {'n_estimators': 161, 'max_depth': 5, 'learning_rate': 0.15633858562803649, 'subsample': 0.9131663288122749, 'colsample_bytree': 0.8360532016415948}. Best is trial 3 with value: 0.6771327313578233.
[2025-11-19T21:49:00.012+0000] {subprocess.py:93} INFO - /home/***/.local/lib/python3.8/site-packages/xgboost/core.py:158: UserWarning: [21:48:53] WARNING: /workspace/src/learner.cc:740:
[2025-11-19T21:49:00.012+0000] {subprocess.py:93} INFO - Parameters: { "use_label_encoder" } are not used.
[2025-11-19T21:49:00.013+0000] {subprocess.py:93} INFO - 
[2025-11-19T21:49:00.013+0000] {subprocess.py:93} INFO -   warnings.warn(smsg, UserWarning)
[2025-11-19T21:49:00.014+0000] {subprocess.py:93} INFO - [I 2025-11-19 21:49:00,011] Trial 7 finished with value: 0.6636774470511629 and parameters: {'n_estimators': 133, 'max_depth': 7, 'learning_rate': 0.14756295918641388, 'subsample': 0.7036817690395833, 'colsample_bytree': 0.7080817954065339}. Best is trial 3 with value: 0.6771327313578233.
[2025-11-19T21:49:05.279+0000] {subprocess.py:93} INFO - /home/***/.local/lib/python3.8/site-packages/xgboost/core.py:158: UserWarning: [21:49:00] WARNING: /workspace/src/learner.cc:740:
[2025-11-19T21:49:05.280+0000] {subprocess.py:93} INFO - Parameters: { "use_label_encoder" } are not used.
[2025-11-19T21:49:05.281+0000] {subprocess.py:93} INFO - 
[2025-11-19T21:49:05.282+0000] {subprocess.py:93} INFO -   warnings.warn(smsg, UserWarning)
[2025-11-19T21:49:05.282+0000] {subprocess.py:93} INFO - [I 2025-11-19 21:49:05,279] Trial 8 finished with value: 0.5917326964459841 and parameters: {'n_estimators': 177, 'max_depth': 5, 'learning_rate': 0.06818659110623321, 'subsample': 0.6108105186423344, 'colsample_bytree': 0.7508338125438985}. Best is trial 3 with value: 0.6771327313578233.
[2025-11-19T21:49:08.083+0000] {subprocess.py:93} INFO - /home/***/.local/lib/python3.8/site-packages/xgboost/core.py:158: UserWarning: [21:49:05] WARNING: /workspace/src/learner.cc:740:
[2025-11-19T21:49:08.084+0000] {subprocess.py:93} INFO - Parameters: { "use_label_encoder" } are not used.
[2025-11-19T21:49:08.084+0000] {subprocess.py:93} INFO - 
[2025-11-19T21:49:08.085+0000] {subprocess.py:93} INFO -   warnings.warn(smsg, UserWarning)
[2025-11-19T21:49:08.085+0000] {subprocess.py:93} INFO - [I 2025-11-19 21:49:08,083] Trial 9 finished with value: 0.5361953820986587 and parameters: {'n_estimators': 111, 'max_depth': 3, 'learning_rate': 0.061337869772535206, 'subsample': 0.9708705024138345, 'colsample_bytree': 0.8465001465732048}. Best is trial 3 with value: 0.6771327313578233.
[2025-11-19T21:49:14.454+0000] {subprocess.py:93} INFO - /home/***/.local/lib/python3.8/site-packages/xgboost/core.py:158: UserWarning: [21:49:08] WARNING: /workspace/src/learner.cc:740:
[2025-11-19T21:49:14.454+0000] {subprocess.py:93} INFO - Parameters: { "use_label_encoder" } are not used.
[2025-11-19T21:49:14.455+0000] {subprocess.py:93} INFO - 
[2025-11-19T21:49:14.455+0000] {subprocess.py:93} INFO -   warnings.warn(smsg, UserWarning)
[2025-11-19T21:49:14.456+0000] {subprocess.py:93} INFO - [I 2025-11-19 21:49:14,454] Trial 10 finished with value: 0.7142296722234083 and parameters: {'n_estimators': 157, 'max_depth': 8, 'learning_rate': 0.2459228152361693, 'subsample': 0.839208864507646, 'colsample_bytree': 0.6011733900256481}. Best is trial 10 with value: 0.7142296722234083.
[2025-11-19T21:49:20.916+0000] {subprocess.py:93} INFO - /home/***/.local/lib/python3.8/site-packages/xgboost/core.py:158: UserWarning: [21:49:14] WARNING: /workspace/src/learner.cc:740:
[2025-11-19T21:49:20.917+0000] {subprocess.py:93} INFO - Parameters: { "use_label_encoder" } are not used.
[2025-11-19T21:49:20.918+0000] {subprocess.py:93} INFO - 
[2025-11-19T21:49:20.918+0000] {subprocess.py:93} INFO -   warnings.warn(smsg, UserWarning)
[2025-11-19T21:49:20.919+0000] {subprocess.py:93} INFO - [I 2025-11-19 21:49:20,916] Trial 11 finished with value: 0.7185463595064101 and parameters: {'n_estimators': 158, 'max_depth': 8, 'learning_rate': 0.275082520404482, 'subsample': 0.828962851692018, 'colsample_bytree': 0.6096213655133009}. Best is trial 11 with value: 0.7185463595064101.
[2025-11-19T21:49:28.310+0000] {subprocess.py:93} INFO - /home/***/.local/lib/python3.8/site-packages/xgboost/core.py:158: UserWarning: [21:49:21] WARNING: /workspace/src/learner.cc:740:
[2025-11-19T21:49:28.311+0000] {subprocess.py:93} INFO - Parameters: { "use_label_encoder" } are not used.
[2025-11-19T21:49:28.312+0000] {subprocess.py:93} INFO - 
[2025-11-19T21:49:28.312+0000] {subprocess.py:93} INFO -   warnings.warn(smsg, UserWarning)
[2025-11-19T21:49:28.312+0000] {subprocess.py:93} INFO - [I 2025-11-19 21:49:28,310] Trial 12 finished with value: 0.7160698676213144 and parameters: {'n_estimators': 159, 'max_depth': 8, 'learning_rate': 0.2445105359054038, 'subsample': 0.8378404261730207, 'colsample_bytree': 0.6014634025903298}. Best is trial 11 with value: 0.7185463595064101.
[2025-11-19T21:49:35.296+0000] {subprocess.py:93} INFO - /home/***/.local/lib/python3.8/site-packages/xgboost/core.py:158: UserWarning: [21:49:28] WARNING: /workspace/src/learner.cc:740:
[2025-11-19T21:49:35.296+0000] {subprocess.py:93} INFO - Parameters: { "use_label_encoder" } are not used.
[2025-11-19T21:49:35.297+0000] {subprocess.py:93} INFO - 
[2025-11-19T21:49:35.297+0000] {subprocess.py:93} INFO -   warnings.warn(smsg, UserWarning)
[2025-11-19T21:49:35.298+0000] {subprocess.py:93} INFO - [I 2025-11-19 21:49:35,295] Trial 13 finished with value: 0.7255026185801998 and parameters: {'n_estimators': 164, 'max_depth': 8, 'learning_rate': 0.28738862805575205, 'subsample': 0.829543722941471, 'colsample_bytree': 0.6196074417234596}. Best is trial 13 with value: 0.7255026185801998.
[2025-11-19T21:49:41.750+0000] {subprocess.py:93} INFO - /home/***/.local/lib/python3.8/site-packages/xgboost/core.py:158: UserWarning: [21:49:35] WARNING: /workspace/src/learner.cc:740:
[2025-11-19T21:49:41.751+0000] {subprocess.py:93} INFO - Parameters: { "use_label_encoder" } are not used.
[2025-11-19T21:49:41.751+0000] {subprocess.py:93} INFO - 
[2025-11-19T21:49:41.752+0000] {subprocess.py:93} INFO -   warnings.warn(smsg, UserWarning)
[2025-11-19T21:49:41.752+0000] {subprocess.py:93} INFO - [I 2025-11-19 21:49:41,750] Trial 14 finished with value: 0.6799859310595574 and parameters: {'n_estimators': 198, 'max_depth': 6, 'learning_rate': 0.2110566018112898, 'subsample': 0.7893468637276961, 'colsample_bytree': 0.739674718643505}. Best is trial 13 with value: 0.7255026185801998.
[2025-11-19T21:49:50.575+0000] {subprocess.py:93} INFO - /home/***/.local/lib/python3.8/site-packages/xgboost/core.py:158: UserWarning: [21:49:41] WARNING: /workspace/src/learner.cc:740:
[2025-11-19T21:49:50.576+0000] {subprocess.py:93} INFO - Parameters: { "use_label_encoder" } are not used.
[2025-11-19T21:49:50.577+0000] {subprocess.py:93} INFO - 
[2025-11-19T21:49:50.577+0000] {subprocess.py:93} INFO -   warnings.warn(smsg, UserWarning)
[2025-11-19T21:49:50.578+0000] {subprocess.py:93} INFO - [I 2025-11-19 21:49:50,575] Trial 15 finished with value: 0.721484694001301 and parameters: {'n_estimators': 171, 'max_depth': 8, 'learning_rate': 0.2650337767396954, 'subsample': 0.8560194186248041, 'colsample_bytree': 0.6412271849124648}. Best is trial 13 with value: 0.7255026185801998.
[2025-11-19T21:49:59.343+0000] {subprocess.py:93} INFO - /home/***/.local/lib/python3.8/site-packages/xgboost/core.py:158: UserWarning: [21:49:50] WARNING: /workspace/src/learner.cc:740:
[2025-11-19T21:49:59.344+0000] {subprocess.py:93} INFO - Parameters: { "use_label_encoder" } are not used.
[2025-11-19T21:49:59.345+0000] {subprocess.py:93} INFO - 
[2025-11-19T21:49:59.345+0000] {subprocess.py:93} INFO -   warnings.warn(smsg, UserWarning)
[2025-11-19T21:49:59.346+0000] {subprocess.py:93} INFO - [I 2025-11-19 21:49:59,343] Trial 16 finished with value: 0.6480860964041454 and parameters: {'n_estimators': 175, 'max_depth': 7, 'learning_rate': 0.08788294982409127, 'subsample': 0.8893654725974293, 'colsample_bytree': 0.6556974497444301}. Best is trial 13 with value: 0.7255026185801998.
[2025-11-19T21:50:09.117+0000] {subprocess.py:93} INFO - /home/***/.local/lib/python3.8/site-packages/xgboost/core.py:158: UserWarning: [21:49:59] WARNING: /workspace/src/learner.cc:740:
[2025-11-19T21:50:09.118+0000] {subprocess.py:93} INFO - Parameters: { "use_label_encoder" } are not used.
[2025-11-19T21:50:09.118+0000] {subprocess.py:93} INFO - 
[2025-11-19T21:50:09.118+0000] {subprocess.py:93} INFO -   warnings.warn(smsg, UserWarning)
[2025-11-19T21:50:09.119+0000] {subprocess.py:93} INFO - [I 2025-11-19 21:50:09,117] Trial 17 finished with value: 0.5873242845659891 and parameters: {'n_estimators': 170, 'max_depth': 6, 'learning_rate': 0.0396566087101658, 'subsample': 0.873097878344551, 'colsample_bytree': 0.737242687243124}. Best is trial 13 with value: 0.7255026185801998.
[2025-11-19T21:50:18.824+0000] {subprocess.py:93} INFO - /home/***/.local/lib/python3.8/site-packages/xgboost/core.py:158: UserWarning: [21:50:09] WARNING: /workspace/src/learner.cc:740:
[2025-11-19T21:50:18.824+0000] {subprocess.py:93} INFO - Parameters: { "use_label_encoder" } are not used.
[2025-11-19T21:50:18.825+0000] {subprocess.py:93} INFO - 
[2025-11-19T21:50:18.825+0000] {subprocess.py:93} INFO -   warnings.warn(smsg, UserWarning)
[2025-11-19T21:50:18.826+0000] {subprocess.py:93} INFO - [I 2025-11-19 21:50:18,823] Trial 18 finished with value: 0.5947542528535414 and parameters: {'n_estimators': 146, 'max_depth': 8, 'learning_rate': 0.016129219170908413, 'subsample': 0.761240647507043, 'colsample_bytree': 0.6563235662350472}. Best is trial 13 with value: 0.7255026185801998.
[2025-11-19T21:50:26.832+0000] {subprocess.py:93} INFO - /home/***/.local/lib/python3.8/site-packages/xgboost/core.py:158: UserWarning: [21:50:18] WARNING: /workspace/src/learner.cc:740:
[2025-11-19T21:50:26.832+0000] {subprocess.py:93} INFO - Parameters: { "use_label_encoder" } are not used.
[2025-11-19T21:50:26.833+0000] {subprocess.py:93} INFO - 
[2025-11-19T21:50:26.833+0000] {subprocess.py:93} INFO -   warnings.warn(smsg, UserWarning)
[2025-11-19T21:50:26.834+0000] {subprocess.py:93} INFO - [I 2025-11-19 21:50:26,831] Trial 19 finished with value: 0.6609996140541967 and parameters: {'n_estimators': 192, 'max_depth': 7, 'learning_rate': 0.09958825308488807, 'subsample': 0.9984869166174677, 'colsample_bytree': 0.6983668107615582}. Best is trial 13 with value: 0.7255026185801998.
[2025-11-19T21:50:33.682+0000] {subprocess.py:93} INFO - /home/***/.local/lib/python3.8/site-packages/xgboost/core.py:158: UserWarning: [21:50:26] WARNING: /workspace/src/learner.cc:740:
[2025-11-19T21:50:33.683+0000] {subprocess.py:93} INFO - Parameters: { "use_label_encoder" } are not used.
[2025-11-19T21:50:33.683+0000] {subprocess.py:93} INFO - 
[2025-11-19T21:50:33.684+0000] {subprocess.py:93} INFO -   warnings.warn(smsg, UserWarning)
[2025-11-19T21:50:33.684+0000] {subprocess.py:93} INFO - 2025/11/19 21:50:33 WARNING mlflow.utils.git_utils: Failed to import Git (the Git executable is probably not on your PATH), so Git SHA is not available. Error: Failed to initialize: Bad git executable.
[2025-11-19T21:50:33.685+0000] {subprocess.py:93} INFO - The git executable must be specified in one of the following ways:
[2025-11-19T21:50:33.685+0000] {subprocess.py:93} INFO -     - be included in your $PATH
[2025-11-19T21:50:33.686+0000] {subprocess.py:93} INFO -     - be set via $GIT_PYTHON_GIT_EXECUTABLE
[2025-11-19T21:50:33.686+0000] {subprocess.py:93} INFO -     - explicitly set via git.refresh(<full-path-to-git-executable>)
[2025-11-19T21:50:33.687+0000] {subprocess.py:93} INFO - 
[2025-11-19T21:50:33.687+0000] {subprocess.py:93} INFO - All git commands will error until this is rectified.
[2025-11-19T21:50:33.687+0000] {subprocess.py:93} INFO - 
[2025-11-19T21:50:33.688+0000] {subprocess.py:93} INFO - This initial message can be silenced or aggravated in the future by setting the
[2025-11-19T21:50:33.688+0000] {subprocess.py:93} INFO - $GIT_PYTHON_REFRESH environment variable. Use one of the following values:
[2025-11-19T21:50:33.689+0000] {subprocess.py:93} INFO -     - quiet|q|silence|s|silent|none|n|0: for no message or exception
[2025-11-19T21:50:33.689+0000] {subprocess.py:93} INFO -     - warn|w|warning|log|l|1: for a warning message (logging level CRITICAL, displayed by default)
[2025-11-19T21:50:33.689+0000] {subprocess.py:93} INFO -     - error|e|exception|raise|r|2: for a raised exception
[2025-11-19T21:50:33.690+0000] {subprocess.py:93} INFO - 
[2025-11-19T21:50:33.690+0000] {subprocess.py:93} INFO - Example:
[2025-11-19T21:50:33.690+0000] {subprocess.py:93} INFO -     export GIT_PYTHON_REFRESH=quiet
[2025-11-19T21:50:33.691+0000] {subprocess.py:93} INFO - 
[2025-11-19T21:50:38.134+0000] {subprocess.py:93} INFO - Traceback (most recent call last):
[2025-11-19T21:50:38.134+0000] {subprocess.py:93} INFO -   File "/opt/***/scripts/train_optuna_mlflow.py", line 81, in <module>
[2025-11-19T21:50:38.135+0000] {subprocess.py:93} INFO -     run()
[2025-11-19T21:50:38.136+0000] {subprocess.py:93} INFO -   File "/opt/***/scripts/train_optuna_mlflow.py", line 71, in run
[2025-11-19T21:50:38.136+0000] {subprocess.py:93} INFO -     mlflow.sklearn.log_model(best_model, artifact_path='model')
[2025-11-19T21:50:38.136+0000] {subprocess.py:93} INFO -   File "/home/***/.local/lib/python3.8/site-packages/mlflow/sklearn/__init__.py", line 411, in log_model
[2025-11-19T21:50:38.137+0000] {subprocess.py:93} INFO -     return Model.log(
[2025-11-19T21:50:38.137+0000] {subprocess.py:93} INFO -   File "/home/***/.local/lib/python3.8/site-packages/mlflow/models/model.py", line 620, in log
[2025-11-19T21:50:38.138+0000] {subprocess.py:93} INFO -     mlflow.tracking.fluent.log_artifacts(local_path, mlflow_model.artifact_path)
[2025-11-19T21:50:38.138+0000] {subprocess.py:93} INFO -   File "/home/***/.local/lib/python3.8/site-packages/mlflow/tracking/fluent.py", line 1030, in log_artifacts
[2025-11-19T21:50:38.138+0000] {subprocess.py:93} INFO -     MlflowClient().log_artifacts(run_id, local_dir, artifact_path)
[2025-11-19T21:50:38.139+0000] {subprocess.py:93} INFO -   File "/home/***/.local/lib/python3.8/site-packages/mlflow/tracking/client.py", line 1195, in log_artifacts
[2025-11-19T21:50:38.139+0000] {subprocess.py:93} INFO -     self._tracking_client.log_artifacts(run_id, local_dir, artifact_path)
[2025-11-19T21:50:38.140+0000] {subprocess.py:93} INFO -   File "/home/***/.local/lib/python3.8/site-packages/mlflow/tracking/_tracking_service/client.py", line 538, in log_artifacts
[2025-11-19T21:50:38.140+0000] {subprocess.py:93} INFO -     self._get_artifact_repo(run_id).log_artifacts(local_dir, artifact_path)
[2025-11-19T21:50:38.140+0000] {subprocess.py:93} INFO -   File "/home/***/.local/lib/python3.8/site-packages/mlflow/store/artifact/local_artifact_repo.py", line 59, in log_artifacts
[2025-11-19T21:50:38.141+0000] {subprocess.py:93} INFO -     mkdir(artifact_dir)
[2025-11-19T21:50:38.141+0000] {subprocess.py:93} INFO -   File "/home/***/.local/lib/python3.8/site-packages/mlflow/utils/file_utils.py", line 204, in mkdir
[2025-11-19T21:50:38.141+0000] {subprocess.py:93} INFO -     raise e
[2025-11-19T21:50:38.142+0000] {subprocess.py:93} INFO -   File "/home/***/.local/lib/python3.8/site-packages/mlflow/utils/file_utils.py", line 201, in mkdir
[2025-11-19T21:50:38.142+0000] {subprocess.py:93} INFO -     os.makedirs(target)
[2025-11-19T21:50:38.142+0000] {subprocess.py:93} INFO -   File "/usr/local/lib/python3.8/os.py", line 213, in makedirs
[2025-11-19T21:50:38.143+0000] {subprocess.py:93} INFO -     makedirs(head, exist_ok=exist_ok)
[2025-11-19T21:50:38.143+0000] {subprocess.py:93} INFO -   File "/usr/local/lib/python3.8/os.py", line 213, in makedirs
[2025-11-19T21:50:38.143+0000] {subprocess.py:93} INFO -     makedirs(head, exist_ok=exist_ok)
[2025-11-19T21:50:38.144+0000] {subprocess.py:93} INFO -   File "/usr/local/lib/python3.8/os.py", line 213, in makedirs
[2025-11-19T21:50:38.144+0000] {subprocess.py:93} INFO -     makedirs(head, exist_ok=exist_ok)
[2025-11-19T21:50:38.144+0000] {subprocess.py:93} INFO -   [Previous line repeated 1 more time]
[2025-11-19T21:50:38.145+0000] {subprocess.py:93} INFO -   File "/usr/local/lib/python3.8/os.py", line 223, in makedirs
[2025-11-19T21:50:38.145+0000] {subprocess.py:93} INFO -     mkdir(name, mode)
[2025-11-19T21:50:38.145+0000] {subprocess.py:93} INFO - PermissionError: [Errno 13] Permission denied: '/mlruns'
[2025-11-19T21:50:38.540+0000] {subprocess.py:97} INFO - Command exited with return code 1
[2025-11-19T21:50:38.553+0000] {taskinstance.py:2698} ERROR - Task failed with exception
Traceback (most recent call last):
  File "/home/airflow/.local/lib/python3.8/site-packages/airflow/models/taskinstance.py", line 433, in _execute_task
    result = execute_callable(context=context, **execute_callable_kwargs)
  File "/home/airflow/.local/lib/python3.8/site-packages/airflow/operators/bash.py", line 212, in execute
    raise AirflowException(
airflow.exceptions.AirflowException: Bash command failed. The command returned a non-zero exit code 1.
[2025-11-19T21:50:38.557+0000] {taskinstance.py:1138} INFO - Marking task as FAILED. dag_id=full_ml_pipeline_v2, task_id=retrain_task, execution_date=20251119T213915, start_date=20251119T214811, end_date=20251119T215038
[2025-11-19T21:50:38.572+0000] {standard_task_runner.py:107} ERROR - Failed to execute job 21 for task retrain_task (Bash command failed. The command returned a non-zero exit code 1.; 718)
[2025-11-19T21:50:38.593+0000] {local_task_job_runner.py:234} INFO - Task exited with return code 1
[2025-11-19T21:50:38.614+0000] {taskinstance.py:3280} INFO - 0 downstream tasks scheduled from follow-on schedule check
