[2025-11-19T21:31:15.002+0000] {taskinstance.py:1956} INFO - Dependencies all met for dep_context=non-requeueable deps ti=<TaskInstance: full_ml_pipeline_v2.retrain_task scheduled__2025-11-18T00:00:00+00:00 [queued]>
[2025-11-19T21:31:15.016+0000] {taskinstance.py:1956} INFO - Dependencies all met for dep_context=requeueable deps ti=<TaskInstance: full_ml_pipeline_v2.retrain_task scheduled__2025-11-18T00:00:00+00:00 [queued]>
[2025-11-19T21:31:15.017+0000] {taskinstance.py:2170} INFO - Starting attempt 1 of 2
[2025-11-19T21:31:15.034+0000] {taskinstance.py:2191} INFO - Executing <Task(BashOperator): retrain_task> on 2025-11-18 00:00:00+00:00
[2025-11-19T21:31:15.040+0000] {standard_task_runner.py:60} INFO - Started process 192 to run task
[2025-11-19T21:31:15.044+0000] {standard_task_runner.py:87} INFO - Running: ['***', 'tasks', 'run', 'full_ml_pipeline_v2', 'retrain_task', 'scheduled__2025-11-18T00:00:00+00:00', '--job-id', '8', '--raw', '--subdir', 'DAGS_FOLDER/pipeline_dag.py', '--cfg-path', '/tmp/tmpn_jh0kuk']
[2025-11-19T21:31:15.046+0000] {standard_task_runner.py:88} INFO - Job 8: Subtask retrain_task
[2025-11-19T21:31:15.239+0000] {task_command.py:423} INFO - Running <TaskInstance: full_ml_pipeline_v2.retrain_task scheduled__2025-11-18T00:00:00+00:00 [running]> on host ae5cbfb06204
[2025-11-19T21:31:15.316+0000] {taskinstance.py:2480} INFO - Exporting env vars: AIRFLOW_CTX_DAG_OWNER='equipo_datos' AIRFLOW_CTX_DAG_ID='full_ml_pipeline_v2' AIRFLOW_CTX_TASK_ID='retrain_task' AIRFLOW_CTX_EXECUTION_DATE='2025-11-18T00:00:00+00:00' AIRFLOW_CTX_TRY_NUMBER='1' AIRFLOW_CTX_DAG_RUN_ID='scheduled__2025-11-18T00:00:00+00:00'
[2025-11-19T21:31:15.318+0000] {subprocess.py:63} INFO - Tmp dir root location: /tmp
[2025-11-19T21:31:15.319+0000] {subprocess.py:75} INFO - Running command: ['/usr/bin/bash', '-c', 'python /opt/***/scripts/train_optuna_mlflow.py']
[2025-11-19T21:31:15.331+0000] {subprocess.py:86} INFO - Output:
[2025-11-19T21:31:17.975+0000] {subprocess.py:93} INFO - 2025/11/19 21:31:17 INFO mlflow.tracking.fluent: Experiment with name 'xgboost_optuna' does not exist. Creating a new experiment.
[2025-11-19T21:31:18.782+0000] {subprocess.py:93} INFO - [I 2025-11-19 21:31:18,782] A new study created in memory with name: no-name-154dde46-103f-4223-ab32-a4af6389e623
[2025-11-19T21:31:18.799+0000] {subprocess.py:93} INFO - [W 2025-11-19 21:31:18,793] Trial 0 failed with parameters: {'n_estimators': 192, 'max_depth': 7, 'learning_rate': 0.0353508952218506, 'subsample': 0.9670068766552757, 'colsample_bytree': 0.9979750536608549} because of the following error: ValueError('DataFrame.dtypes for data must be int, float, bool or category. When categorical type is supplied, the experimental DMatrix parameter`enable_categorical` must be set to `True`.  Invalid columns:purchase_date: datetime64[ns]').
[2025-11-19T21:31:18.800+0000] {subprocess.py:93} INFO - Traceback (most recent call last):
[2025-11-19T21:31:18.800+0000] {subprocess.py:93} INFO -   File "/home/***/.local/lib/python3.8/site-packages/optuna/study/_optimize.py", line 201, in _run_trial
[2025-11-19T21:31:18.801+0000] {subprocess.py:93} INFO -     value_or_values = func(trial)
[2025-11-19T21:31:18.802+0000] {subprocess.py:93} INFO -   File "/opt/***/scripts/train_optuna_mlflow.py", line 56, in obj
[2025-11-19T21:31:18.802+0000] {subprocess.py:93} INFO -     return objective(trial, X_train, y_train, X_test, y_test)
[2025-11-19T21:31:18.803+0000] {subprocess.py:93} INFO -   File "/opt/***/scripts/train_optuna_mlflow.py", line 46, in objective
[2025-11-19T21:31:18.803+0000] {subprocess.py:93} INFO -     clf.fit(X_train, y_train)
[2025-11-19T21:31:18.804+0000] {subprocess.py:93} INFO -   File "/home/***/.local/lib/python3.8/site-packages/xgboost/core.py", line 726, in inner_f
[2025-11-19T21:31:18.804+0000] {subprocess.py:93} INFO -     return func(**kwargs)
[2025-11-19T21:31:18.805+0000] {subprocess.py:93} INFO -   File "/home/***/.local/lib/python3.8/site-packages/xgboost/sklearn.py", line 1580, in fit
[2025-11-19T21:31:18.805+0000] {subprocess.py:93} INFO -     train_dmatrix, evals = _wrap_evaluation_matrices(
[2025-11-19T21:31:18.805+0000] {subprocess.py:93} INFO -   File "/home/***/.local/lib/python3.8/site-packages/xgboost/sklearn.py", line 603, in _wrap_evaluation_matrices
[2025-11-19T21:31:18.806+0000] {subprocess.py:93} INFO -     train_dmatrix = create_dmatrix(
[2025-11-19T21:31:18.806+0000] {subprocess.py:93} INFO -   File "/home/***/.local/lib/python3.8/site-packages/xgboost/sklearn.py", line 1065, in _create_dmatrix
[2025-11-19T21:31:18.807+0000] {subprocess.py:93} INFO -     return QuantileDMatrix(
[2025-11-19T21:31:18.807+0000] {subprocess.py:93} INFO -   File "/home/***/.local/lib/python3.8/site-packages/xgboost/core.py", line 726, in inner_f
[2025-11-19T21:31:18.808+0000] {subprocess.py:93} INFO -     return func(**kwargs)
[2025-11-19T21:31:18.808+0000] {subprocess.py:93} INFO -   File "/home/***/.local/lib/python3.8/site-packages/xgboost/core.py", line 1573, in __init__
[2025-11-19T21:31:18.808+0000] {subprocess.py:93} INFO -     self._init(
[2025-11-19T21:31:18.809+0000] {subprocess.py:93} INFO -   File "/home/***/.local/lib/python3.8/site-packages/xgboost/core.py", line 1632, in _init
[2025-11-19T21:31:18.809+0000] {subprocess.py:93} INFO -     it.reraise()
[2025-11-19T21:31:18.810+0000] {subprocess.py:93} INFO -   File "/home/***/.local/lib/python3.8/site-packages/xgboost/core.py", line 569, in reraise
[2025-11-19T21:31:18.810+0000] {subprocess.py:93} INFO -     raise exc  # pylint: disable=raising-bad-type
[2025-11-19T21:31:18.810+0000] {subprocess.py:93} INFO -   File "/home/***/.local/lib/python3.8/site-packages/xgboost/core.py", line 550, in _handle_exception
[2025-11-19T21:31:18.811+0000] {subprocess.py:93} INFO -     return fn()
[2025-11-19T21:31:18.811+0000] {subprocess.py:93} INFO -   File "/home/***/.local/lib/python3.8/site-packages/xgboost/core.py", line 637, in <lambda>
[2025-11-19T21:31:18.811+0000] {subprocess.py:93} INFO -     return self._handle_exception(lambda: self.next(input_data), 0)
[2025-11-19T21:31:18.812+0000] {subprocess.py:93} INFO -   File "/home/***/.local/lib/python3.8/site-packages/xgboost/data.py", line 1402, in next
[2025-11-19T21:31:18.812+0000] {subprocess.py:93} INFO -     input_data(**self.kwargs)
[2025-11-19T21:31:18.812+0000] {subprocess.py:93} INFO -   File "/home/***/.local/lib/python3.8/site-packages/xgboost/core.py", line 726, in inner_f
[2025-11-19T21:31:18.813+0000] {subprocess.py:93} INFO -     return func(**kwargs)
[2025-11-19T21:31:18.813+0000] {subprocess.py:93} INFO -   File "/home/***/.local/lib/python3.8/site-packages/xgboost/core.py", line 617, in input_data
[2025-11-19T21:31:18.814+0000] {subprocess.py:93} INFO -     new, cat_codes, feature_names, feature_types = _proxy_transform(
[2025-11-19T21:31:18.814+0000] {subprocess.py:93} INFO -   File "/home/***/.local/lib/python3.8/site-packages/xgboost/data.py", line 1447, in _proxy_transform
[2025-11-19T21:31:18.814+0000] {subprocess.py:93} INFO -     df, feature_names, feature_types = _transform_pandas_df(
[2025-11-19T21:31:18.815+0000] {subprocess.py:93} INFO -   File "/home/***/.local/lib/python3.8/site-packages/xgboost/data.py", line 603, in _transform_pandas_df
[2025-11-19T21:31:18.815+0000] {subprocess.py:93} INFO -     pandas_check_dtypes(data, enable_categorical)
[2025-11-19T21:31:18.815+0000] {subprocess.py:93} INFO -   File "/home/***/.local/lib/python3.8/site-packages/xgboost/data.py", line 569, in pandas_check_dtypes
[2025-11-19T21:31:18.816+0000] {subprocess.py:93} INFO -     _invalid_dataframe_dtype(data)
[2025-11-19T21:31:18.816+0000] {subprocess.py:93} INFO -   File "/home/***/.local/lib/python3.8/site-packages/xgboost/data.py", line 356, in _invalid_dataframe_dtype
[2025-11-19T21:31:18.817+0000] {subprocess.py:93} INFO -     raise ValueError(msg)
[2025-11-19T21:31:18.817+0000] {subprocess.py:93} INFO - ValueError: DataFrame.dtypes for data must be int, float, bool or category. When categorical type is supplied, the experimental DMatrix parameter`enable_categorical` must be set to `True`.  Invalid columns:purchase_date: datetime64[ns]
[2025-11-19T21:31:18.817+0000] {subprocess.py:93} INFO - [W 2025-11-19 21:31:18,799] Trial 0 failed with value None.
[2025-11-19T21:31:18.818+0000] {subprocess.py:93} INFO - Traceback (most recent call last):
[2025-11-19T21:31:18.818+0000] {subprocess.py:93} INFO -   File "/opt/***/scripts/train_optuna_mlflow.py", line 81, in <module>
[2025-11-19T21:31:18.818+0000] {subprocess.py:93} INFO -     run()
[2025-11-19T21:31:18.819+0000] {subprocess.py:93} INFO -   File "/opt/***/scripts/train_optuna_mlflow.py", line 58, in run
[2025-11-19T21:31:18.819+0000] {subprocess.py:93} INFO -     study.optimize(obj, n_trials=20)  # ajustar n_trials para producción
[2025-11-19T21:31:18.819+0000] {subprocess.py:93} INFO -   File "/home/***/.local/lib/python3.8/site-packages/optuna/study/study.py", line 490, in optimize
[2025-11-19T21:31:18.820+0000] {subprocess.py:93} INFO -     _optimize(
[2025-11-19T21:31:18.820+0000] {subprocess.py:93} INFO -   File "/home/***/.local/lib/python3.8/site-packages/optuna/study/_optimize.py", line 63, in _optimize
[2025-11-19T21:31:18.821+0000] {subprocess.py:93} INFO -     _optimize_sequential(
[2025-11-19T21:31:18.821+0000] {subprocess.py:93} INFO -   File "/home/***/.local/lib/python3.8/site-packages/optuna/study/_optimize.py", line 160, in _optimize_sequential
[2025-11-19T21:31:18.821+0000] {subprocess.py:93} INFO -     frozen_trial_id = _run_trial(study, func, catch)
[2025-11-19T21:31:18.822+0000] {subprocess.py:93} INFO -   File "/home/***/.local/lib/python3.8/site-packages/optuna/study/_optimize.py", line 258, in _run_trial
[2025-11-19T21:31:18.822+0000] {subprocess.py:93} INFO -     raise func_err
[2025-11-19T21:31:18.822+0000] {subprocess.py:93} INFO -   File "/home/***/.local/lib/python3.8/site-packages/optuna/study/_optimize.py", line 201, in _run_trial
[2025-11-19T21:31:18.823+0000] {subprocess.py:93} INFO -     value_or_values = func(trial)
[2025-11-19T21:31:18.823+0000] {subprocess.py:93} INFO -   File "/opt/***/scripts/train_optuna_mlflow.py", line 56, in obj
[2025-11-19T21:31:18.823+0000] {subprocess.py:93} INFO -     return objective(trial, X_train, y_train, X_test, y_test)
[2025-11-19T21:31:18.824+0000] {subprocess.py:93} INFO -   File "/opt/***/scripts/train_optuna_mlflow.py", line 46, in objective
[2025-11-19T21:31:18.824+0000] {subprocess.py:93} INFO -     clf.fit(X_train, y_train)
[2025-11-19T21:31:18.824+0000] {subprocess.py:93} INFO -   File "/home/***/.local/lib/python3.8/site-packages/xgboost/core.py", line 726, in inner_f
[2025-11-19T21:31:18.825+0000] {subprocess.py:93} INFO -     return func(**kwargs)
[2025-11-19T21:31:18.825+0000] {subprocess.py:93} INFO -   File "/home/***/.local/lib/python3.8/site-packages/xgboost/sklearn.py", line 1580, in fit
[2025-11-19T21:31:18.826+0000] {subprocess.py:93} INFO -     train_dmatrix, evals = _wrap_evaluation_matrices(
[2025-11-19T21:31:18.826+0000] {subprocess.py:93} INFO -   File "/home/***/.local/lib/python3.8/site-packages/xgboost/sklearn.py", line 603, in _wrap_evaluation_matrices
[2025-11-19T21:31:18.826+0000] {subprocess.py:93} INFO -     train_dmatrix = create_dmatrix(
[2025-11-19T21:31:18.827+0000] {subprocess.py:93} INFO -   File "/home/***/.local/lib/python3.8/site-packages/xgboost/sklearn.py", line 1065, in _create_dmatrix
[2025-11-19T21:31:18.827+0000] {subprocess.py:93} INFO -     return QuantileDMatrix(
[2025-11-19T21:31:18.827+0000] {subprocess.py:93} INFO -   File "/home/***/.local/lib/python3.8/site-packages/xgboost/core.py", line 726, in inner_f
[2025-11-19T21:31:18.828+0000] {subprocess.py:93} INFO -     return func(**kwargs)
[2025-11-19T21:31:18.828+0000] {subprocess.py:93} INFO -   File "/home/***/.local/lib/python3.8/site-packages/xgboost/core.py", line 1573, in __init__
[2025-11-19T21:31:18.829+0000] {subprocess.py:93} INFO -     self._init(
[2025-11-19T21:31:18.829+0000] {subprocess.py:93} INFO -   File "/home/***/.local/lib/python3.8/site-packages/xgboost/core.py", line 1632, in _init
[2025-11-19T21:31:18.829+0000] {subprocess.py:93} INFO -     it.reraise()
[2025-11-19T21:31:18.830+0000] {subprocess.py:93} INFO -   File "/home/***/.local/lib/python3.8/site-packages/xgboost/core.py", line 569, in reraise
[2025-11-19T21:31:18.830+0000] {subprocess.py:93} INFO -     raise exc  # pylint: disable=raising-bad-type
[2025-11-19T21:31:18.831+0000] {subprocess.py:93} INFO -   File "/home/***/.local/lib/python3.8/site-packages/xgboost/core.py", line 550, in _handle_exception
[2025-11-19T21:31:18.831+0000] {subprocess.py:93} INFO -     return fn()
[2025-11-19T21:31:18.832+0000] {subprocess.py:93} INFO -   File "/home/***/.local/lib/python3.8/site-packages/xgboost/core.py", line 637, in <lambda>
[2025-11-19T21:31:18.832+0000] {subprocess.py:93} INFO -     return self._handle_exception(lambda: self.next(input_data), 0)
[2025-11-19T21:31:18.832+0000] {subprocess.py:93} INFO -   File "/home/***/.local/lib/python3.8/site-packages/xgboost/data.py", line 1402, in next
[2025-11-19T21:31:18.833+0000] {subprocess.py:93} INFO -     input_data(**self.kwargs)
[2025-11-19T21:31:18.833+0000] {subprocess.py:93} INFO -   File "/home/***/.local/lib/python3.8/site-packages/xgboost/core.py", line 726, in inner_f
[2025-11-19T21:31:18.834+0000] {subprocess.py:93} INFO -     return func(**kwargs)
[2025-11-19T21:31:18.834+0000] {subprocess.py:93} INFO -   File "/home/***/.local/lib/python3.8/site-packages/xgboost/core.py", line 617, in input_data
[2025-11-19T21:31:18.835+0000] {subprocess.py:93} INFO -     new, cat_codes, feature_names, feature_types = _proxy_transform(
[2025-11-19T21:31:18.835+0000] {subprocess.py:93} INFO -   File "/home/***/.local/lib/python3.8/site-packages/xgboost/data.py", line 1447, in _proxy_transform
[2025-11-19T21:31:18.835+0000] {subprocess.py:93} INFO -     df, feature_names, feature_types = _transform_pandas_df(
[2025-11-19T21:31:18.836+0000] {subprocess.py:93} INFO -   File "/home/***/.local/lib/python3.8/site-packages/xgboost/data.py", line 603, in _transform_pandas_df
[2025-11-19T21:31:18.836+0000] {subprocess.py:93} INFO -     pandas_check_dtypes(data, enable_categorical)
[2025-11-19T21:31:18.837+0000] {subprocess.py:93} INFO -   File "/home/***/.local/lib/python3.8/site-packages/xgboost/data.py", line 569, in pandas_check_dtypes
[2025-11-19T21:31:18.837+0000] {subprocess.py:93} INFO -     _invalid_dataframe_dtype(data)
[2025-11-19T21:31:18.837+0000] {subprocess.py:93} INFO -   File "/home/***/.local/lib/python3.8/site-packages/xgboost/data.py", line 356, in _invalid_dataframe_dtype
[2025-11-19T21:31:18.838+0000] {subprocess.py:93} INFO -     raise ValueError(msg)
[2025-11-19T21:31:18.838+0000] {subprocess.py:93} INFO - ValueError: DataFrame.dtypes for data must be int, float, bool or category. When categorical type is supplied, the experimental DMatrix parameter`enable_categorical` must be set to `True`.  Invalid columns:purchase_date: datetime64[ns]
[2025-11-19T21:31:19.092+0000] {subprocess.py:97} INFO - Command exited with return code 1
[2025-11-19T21:31:19.106+0000] {taskinstance.py:2698} ERROR - Task failed with exception
Traceback (most recent call last):
  File "/home/airflow/.local/lib/python3.8/site-packages/airflow/models/taskinstance.py", line 433, in _execute_task
    result = execute_callable(context=context, **execute_callable_kwargs)
  File "/home/airflow/.local/lib/python3.8/site-packages/airflow/operators/bash.py", line 212, in execute
    raise AirflowException(
airflow.exceptions.AirflowException: Bash command failed. The command returned a non-zero exit code 1.
[2025-11-19T21:31:19.109+0000] {taskinstance.py:1138} INFO - Marking task as UP_FOR_RETRY. dag_id=full_ml_pipeline_v2, task_id=retrain_task, execution_date=20251118T000000, start_date=20251119T213115, end_date=20251119T213119
[2025-11-19T21:31:19.130+0000] {standard_task_runner.py:107} ERROR - Failed to execute job 8 for task retrain_task (Bash command failed. The command returned a non-zero exit code 1.; 192)
[2025-11-19T21:31:19.153+0000] {local_task_job_runner.py:234} INFO - Task exited with return code 1
[2025-11-19T21:31:19.308+0000] {taskinstance.py:3280} INFO - 0 downstream tasks scheduled from follow-on schedule check
