[2025-11-19T04:13:55.811+0000] {taskinstance.py:1956} INFO - Dependencies all met for dep_context=non-requeueable deps ti=<TaskInstance: full_ml_pipeline.extract manual__2025-11-19T04:13:49.780203+00:00 [queued]>
[2025-11-19T04:13:55.827+0000] {taskinstance.py:1956} INFO - Dependencies all met for dep_context=requeueable deps ti=<TaskInstance: full_ml_pipeline.extract manual__2025-11-19T04:13:49.780203+00:00 [queued]>
[2025-11-19T04:13:55.828+0000] {taskinstance.py:2170} INFO - Starting attempt 1 of 1
[2025-11-19T04:13:55.848+0000] {taskinstance.py:2191} INFO - Executing <Task(PythonOperator): extract> on 2025-11-19 04:13:49.780203+00:00
[2025-11-19T04:13:55.857+0000] {standard_task_runner.py:60} INFO - Started process 57 to run task
[2025-11-19T04:13:55.865+0000] {standard_task_runner.py:87} INFO - Running: ['***', 'tasks', 'run', 'full_ml_pipeline', 'extract', 'manual__2025-11-19T04:13:49.780203+00:00', '--job-id', '5', '--raw', '--subdir', 'DAGS_FOLDER/pipeline_dag.py', '--cfg-path', '/tmp/tmpvo52d6if']
[2025-11-19T04:13:55.870+0000] {standard_task_runner.py:88} INFO - Job 5: Subtask extract
[2025-11-19T04:13:56.000+0000] {task_command.py:423} INFO - Running <TaskInstance: full_ml_pipeline.extract manual__2025-11-19T04:13:49.780203+00:00 [running]> on host 09a5c3706542
[2025-11-19T04:13:56.192+0000] {taskinstance.py:2480} INFO - Exporting env vars: AIRFLOW_CTX_DAG_OWNER='***' AIRFLOW_CTX_DAG_ID='full_ml_pipeline' AIRFLOW_CTX_TASK_ID='extract' AIRFLOW_CTX_EXECUTION_DATE='2025-11-19T04:13:49.780203+00:00' AIRFLOW_CTX_TRY_NUMBER='1' AIRFLOW_CTX_DAG_RUN_ID='manual__2025-11-19T04:13:49.780203+00:00'
[2025-11-19T04:13:56.198+0000] {taskinstance.py:2698} ERROR - Task failed with exception
Traceback (most recent call last):
  File "/home/airflow/.local/lib/python3.8/site-packages/airflow/models/taskinstance.py", line 433, in _execute_task
    result = execute_callable(context=context, **execute_callable_kwargs)
  File "/home/airflow/.local/lib/python3.8/site-packages/airflow/operators/python.py", line 199, in execute
    return_value = self.execute_callable()
  File "/home/airflow/.local/lib/python3.8/site-packages/airflow/operators/python.py", line 216, in execute_callable
    return self.python_callable(*self.op_args, **self.op_kwargs)
  File "/opt/airflow/dags/pipeline_dag.py", line 30, in <lambda>
    extract = PythonOperator(task_id='extract', python_callable=lambda: run_script('extract'))
  File "/opt/airflow/dags/pipeline_dag.py", line 15, in run_script
    mod = importlib.import_module(f'scripts.{module_name}')
  File "/usr/local/lib/python3.8/importlib/__init__.py", line 127, in import_module
    return _bootstrap._gcd_import(name[level:], package, level)
  File "<frozen importlib._bootstrap>", line 1014, in _gcd_import
  File "<frozen importlib._bootstrap>", line 991, in _find_and_load
  File "<frozen importlib._bootstrap>", line 973, in _find_and_load_unlocked
ModuleNotFoundError: No module named 'scripts.extract'
[2025-11-19T04:13:56.219+0000] {taskinstance.py:1138} INFO - Marking task as FAILED. dag_id=full_ml_pipeline, task_id=extract, execution_date=20251119T041349, start_date=20251119T041355, end_date=20251119T041356
[2025-11-19T04:13:56.253+0000] {standard_task_runner.py:107} ERROR - Failed to execute job 5 for task extract (No module named 'scripts.extract'; 57)
[2025-11-19T04:13:56.280+0000] {local_task_job_runner.py:234} INFO - Task exited with return code 1
[2025-11-19T04:13:56.319+0000] {taskinstance.py:3280} INFO - 0 downstream tasks scheduled from follow-on schedule check
