[2025-11-19T22:20:16.055+0000] {taskinstance.py:1956} INFO - Dependencies all met for dep_context=non-requeueable deps ti=<TaskInstance: full_ml_pipeline_v2.retrain_task manual__2025-11-19T22:19:50.757745+00:00 [queued]>
[2025-11-19T22:20:16.065+0000] {taskinstance.py:1956} INFO - Dependencies all met for dep_context=requeueable deps ti=<TaskInstance: full_ml_pipeline_v2.retrain_task manual__2025-11-19T22:19:50.757745+00:00 [queued]>
[2025-11-19T22:20:16.066+0000] {taskinstance.py:2170} INFO - Starting attempt 1 of 2
[2025-11-19T22:20:16.080+0000] {taskinstance.py:2191} INFO - Executing <Task(BashOperator): retrain_task> on 2025-11-19 22:19:50.757745+00:00
[2025-11-19T22:20:16.085+0000] {standard_task_runner.py:60} INFO - Started process 186 to run task
[2025-11-19T22:20:16.088+0000] {standard_task_runner.py:87} INFO - Running: ['***', 'tasks', 'run', 'full_ml_pipeline_v2', 'retrain_task', 'manual__2025-11-19T22:19:50.757745+00:00', '--job-id', '27', '--raw', '--subdir', 'DAGS_FOLDER/pipeline_dag.py', '--cfg-path', '/tmp/tmp200l0254']
[2025-11-19T22:20:16.091+0000] {standard_task_runner.py:88} INFO - Job 27: Subtask retrain_task
[2025-11-19T22:20:16.279+0000] {task_command.py:423} INFO - Running <TaskInstance: full_ml_pipeline_v2.retrain_task manual__2025-11-19T22:19:50.757745+00:00 [running]> on host 82cf0d6cbc8c
[2025-11-19T22:20:16.366+0000] {taskinstance.py:2480} INFO - Exporting env vars: AIRFLOW_CTX_DAG_OWNER='equipo_datos' AIRFLOW_CTX_DAG_ID='full_ml_pipeline_v2' AIRFLOW_CTX_TASK_ID='retrain_task' AIRFLOW_CTX_EXECUTION_DATE='2025-11-19T22:19:50.757745+00:00' AIRFLOW_CTX_TRY_NUMBER='1' AIRFLOW_CTX_DAG_RUN_ID='manual__2025-11-19T22:19:50.757745+00:00'
[2025-11-19T22:20:16.367+0000] {subprocess.py:63} INFO - Tmp dir root location: /tmp
[2025-11-19T22:20:16.368+0000] {subprocess.py:75} INFO - Running command: ['/usr/bin/bash', '-c', 'python /opt/***/scripts/train_optuna_mlflow.py']
[2025-11-19T22:20:16.376+0000] {subprocess.py:86} INFO - Output:
[2025-11-19T22:20:19.670+0000] {subprocess.py:93} INFO - [I 2025-11-19 22:20:19,669] A new study created in memory with name: no-name-6dce7361-b2d1-4036-bf6f-b1f446821365
[2025-11-19T22:20:29.504+0000] {subprocess.py:93} INFO - /home/***/.local/lib/python3.8/site-packages/xgboost/core.py:158: UserWarning: [22:20:19] WARNING: /workspace/src/learner.cc:740:
[2025-11-19T22:20:29.505+0000] {subprocess.py:93} INFO - Parameters: { "use_label_encoder" } are not used.
[2025-11-19T22:20:29.505+0000] {subprocess.py:93} INFO - 
[2025-11-19T22:20:29.505+0000] {subprocess.py:93} INFO -   warnings.warn(smsg, UserWarning)
[2025-11-19T22:20:29.506+0000] {subprocess.py:93} INFO - [I 2025-11-19 22:20:29,504] Trial 0 finished with value: 0.6051516600285534 and parameters: {'n_estimators': 177, 'max_depth': 8, 'learning_rate': 0.018169087886259417, 'subsample': 0.9936447133812198, 'colsample_bytree': 0.620850764532166}. Best is trial 0 with value: 0.6051516600285534.
[2025-11-19T22:20:36.011+0000] {subprocess.py:93} INFO - /home/***/.local/lib/python3.8/site-packages/xgboost/core.py:158: UserWarning: [22:20:29] WARNING: /workspace/src/learner.cc:740:
[2025-11-19T22:20:36.012+0000] {subprocess.py:93} INFO - Parameters: { "use_label_encoder" } are not used.
[2025-11-19T22:20:36.013+0000] {subprocess.py:93} INFO - 
[2025-11-19T22:20:36.013+0000] {subprocess.py:93} INFO -   warnings.warn(smsg, UserWarning)
[2025-11-19T22:20:36.013+0000] {subprocess.py:93} INFO - [I 2025-11-19 22:20:36,011] Trial 1 finished with value: 0.6253939953791907 and parameters: {'n_estimators': 146, 'max_depth': 5, 'learning_rate': 0.17273320989377455, 'subsample': 0.6191767657944605, 'colsample_bytree': 0.6508939590269808}. Best is trial 1 with value: 0.6253939953791907.
[2025-11-19T22:20:41.792+0000] {subprocess.py:93} INFO - /home/***/.local/lib/python3.8/site-packages/xgboost/core.py:158: UserWarning: [22:20:36] WARNING: /workspace/src/learner.cc:740:
[2025-11-19T22:20:41.793+0000] {subprocess.py:93} INFO - Parameters: { "use_label_encoder" } are not used.
[2025-11-19T22:20:41.793+0000] {subprocess.py:93} INFO - 
[2025-11-19T22:20:41.794+0000] {subprocess.py:93} INFO -   warnings.warn(smsg, UserWarning)
[2025-11-19T22:20:41.794+0000] {subprocess.py:93} INFO - [I 2025-11-19 22:20:41,792] Trial 2 finished with value: 0.5462294651687619 and parameters: {'n_estimators': 173, 'max_depth': 4, 'learning_rate': 0.025501742091437643, 'subsample': 0.7375415935865621, 'colsample_bytree': 0.8127791877287995}. Best is trial 1 with value: 0.6253939953791907.
[2025-11-19T22:20:45.164+0000] {subprocess.py:93} INFO - /home/***/.local/lib/python3.8/site-packages/xgboost/core.py:158: UserWarning: [22:20:41] WARNING: /workspace/src/learner.cc:740:
[2025-11-19T22:20:45.165+0000] {subprocess.py:93} INFO - Parameters: { "use_label_encoder" } are not used.
[2025-11-19T22:20:45.165+0000] {subprocess.py:93} INFO - 
[2025-11-19T22:20:45.166+0000] {subprocess.py:93} INFO -   warnings.warn(smsg, UserWarning)
[2025-11-19T22:20:45.166+0000] {subprocess.py:93} INFO - [I 2025-11-19 22:20:45,164] Trial 3 finished with value: 0.5812601054863875 and parameters: {'n_estimators': 119, 'max_depth': 4, 'learning_rate': 0.13659640431193018, 'subsample': 0.832945514323364, 'colsample_bytree': 0.6432683384917607}. Best is trial 1 with value: 0.6253939953791907.
[2025-11-19T22:20:49.120+0000] {subprocess.py:93} INFO - /home/***/.local/lib/python3.8/site-packages/xgboost/core.py:158: UserWarning: [22:20:45] WARNING: /workspace/src/learner.cc:740:
[2025-11-19T22:20:49.121+0000] {subprocess.py:93} INFO - Parameters: { "use_label_encoder" } are not used.
[2025-11-19T22:20:49.122+0000] {subprocess.py:93} INFO - 
[2025-11-19T22:20:49.123+0000] {subprocess.py:93} INFO -   warnings.warn(smsg, UserWarning)
[2025-11-19T22:20:49.123+0000] {subprocess.py:93} INFO - [I 2025-11-19 22:20:49,120] Trial 4 finished with value: 0.5771922420066782 and parameters: {'n_estimators': 155, 'max_depth': 3, 'learning_rate': 0.17164742871420985, 'subsample': 0.6239282643383424, 'colsample_bytree': 0.9416865634290431}. Best is trial 1 with value: 0.6253939953791907.
[2025-11-19T22:20:54.669+0000] {subprocess.py:93} INFO - /home/***/.local/lib/python3.8/site-packages/xgboost/core.py:158: UserWarning: [22:20:49] WARNING: /workspace/src/learner.cc:740:
[2025-11-19T22:20:54.670+0000] {subprocess.py:93} INFO - Parameters: { "use_label_encoder" } are not used.
[2025-11-19T22:20:54.671+0000] {subprocess.py:93} INFO - 
[2025-11-19T22:20:54.671+0000] {subprocess.py:93} INFO -   warnings.warn(smsg, UserWarning)
[2025-11-19T22:20:54.672+0000] {subprocess.py:93} INFO - [I 2025-11-19 22:20:54,669] Trial 5 finished with value: 0.5529084082403685 and parameters: {'n_estimators': 193, 'max_depth': 4, 'learning_rate': 0.03241080125152328, 'subsample': 0.8562739873016432, 'colsample_bytree': 0.6695124727035892}. Best is trial 1 with value: 0.6253939953791907.
[2025-11-19T22:21:06.523+0000] {subprocess.py:93} INFO - /home/***/.local/lib/python3.8/site-packages/xgboost/core.py:158: UserWarning: [22:20:54] WARNING: /workspace/src/learner.cc:740:
[2025-11-19T22:21:06.524+0000] {subprocess.py:93} INFO - Parameters: { "use_label_encoder" } are not used.
[2025-11-19T22:21:06.524+0000] {subprocess.py:93} INFO - 
[2025-11-19T22:21:06.525+0000] {subprocess.py:93} INFO -   warnings.warn(smsg, UserWarning)
[2025-11-19T22:21:06.525+0000] {subprocess.py:93} INFO - [I 2025-11-19 22:21:06,523] Trial 6 finished with value: 0.6729568827596188 and parameters: {'n_estimators': 179, 'max_depth': 8, 'learning_rate': 0.08789750457807821, 'subsample': 0.9795079710545451, 'colsample_bytree': 0.8150023275676946}. Best is trial 6 with value: 0.6729568827596188.
[2025-11-19T22:21:12.056+0000] {subprocess.py:93} INFO - /home/***/.local/lib/python3.8/site-packages/xgboost/core.py:158: UserWarning: [22:21:06] WARNING: /workspace/src/learner.cc:740:
[2025-11-19T22:21:12.056+0000] {subprocess.py:93} INFO - Parameters: { "use_label_encoder" } are not used.
[2025-11-19T22:21:12.057+0000] {subprocess.py:93} INFO - 
[2025-11-19T22:21:12.057+0000] {subprocess.py:93} INFO -   warnings.warn(smsg, UserWarning)
[2025-11-19T22:21:12.057+0000] {subprocess.py:93} INFO - [I 2025-11-19 22:21:12,055] Trial 7 finished with value: 0.5491890867617575 and parameters: {'n_estimators': 119, 'max_depth': 3, 'learning_rate': 0.08677182713644137, 'subsample': 0.6887050425529955, 'colsample_bytree': 0.731609920715868}. Best is trial 6 with value: 0.6729568827596188.
[2025-11-19T22:21:19.189+0000] {subprocess.py:93} INFO - /home/***/.local/lib/python3.8/site-packages/xgboost/core.py:158: UserWarning: [22:21:12] WARNING: /workspace/src/learner.cc:740:
[2025-11-19T22:21:19.190+0000] {subprocess.py:93} INFO - Parameters: { "use_label_encoder" } are not used.
[2025-11-19T22:21:19.191+0000] {subprocess.py:93} INFO - 
[2025-11-19T22:21:19.191+0000] {subprocess.py:93} INFO -   warnings.warn(smsg, UserWarning)
[2025-11-19T22:21:19.192+0000] {subprocess.py:93} INFO - [I 2025-11-19 22:21:19,189] Trial 8 finished with value: 0.5479414089951264 and parameters: {'n_estimators': 188, 'max_depth': 5, 'learning_rate': 0.014520977722946483, 'subsample': 0.9179757196924427, 'colsample_bytree': 0.8731391929234851}. Best is trial 6 with value: 0.6729568827596188.
[2025-11-19T22:21:23.904+0000] {subprocess.py:93} INFO - /home/***/.local/lib/python3.8/site-packages/xgboost/core.py:158: UserWarning: [22:21:19] WARNING: /workspace/src/learner.cc:740:
[2025-11-19T22:21:23.905+0000] {subprocess.py:93} INFO - Parameters: { "use_label_encoder" } are not used.
[2025-11-19T22:21:23.905+0000] {subprocess.py:93} INFO - 
[2025-11-19T22:21:23.906+0000] {subprocess.py:93} INFO -   warnings.warn(smsg, UserWarning)
[2025-11-19T22:21:23.906+0000] {subprocess.py:93} INFO - [I 2025-11-19 22:21:23,904] Trial 9 finished with value: 0.6762989823037283 and parameters: {'n_estimators': 158, 'max_depth': 6, 'learning_rate': 0.2283942707067533, 'subsample': 0.788779823096131, 'colsample_bytree': 0.9020166926865262}. Best is trial 9 with value: 0.6762989823037283.
[2025-11-19T22:21:28.941+0000] {subprocess.py:93} INFO - /home/***/.local/lib/python3.8/site-packages/xgboost/core.py:158: UserWarning: [22:21:24] WARNING: /workspace/src/learner.cc:740:
[2025-11-19T22:21:28.942+0000] {subprocess.py:93} INFO - Parameters: { "use_label_encoder" } are not used.
[2025-11-19T22:21:28.942+0000] {subprocess.py:93} INFO - 
[2025-11-19T22:21:28.943+0000] {subprocess.py:93} INFO -   warnings.warn(smsg, UserWarning)
[2025-11-19T22:21:28.943+0000] {subprocess.py:93} INFO - [I 2025-11-19 22:21:28,941] Trial 10 finished with value: 0.706283102040811 and parameters: {'n_estimators': 146, 'max_depth': 7, 'learning_rate': 0.27353727262666927, 'subsample': 0.7399770270504852, 'colsample_bytree': 0.9800221734626539}. Best is trial 10 with value: 0.706283102040811.
[2025-11-19T22:21:36.149+0000] {subprocess.py:93} INFO - /home/***/.local/lib/python3.8/site-packages/xgboost/core.py:158: UserWarning: [22:21:29] WARNING: /workspace/src/learner.cc:740:
[2025-11-19T22:21:36.150+0000] {subprocess.py:93} INFO - Parameters: { "use_label_encoder" } are not used.
[2025-11-19T22:21:36.151+0000] {subprocess.py:93} INFO - 
[2025-11-19T22:21:36.151+0000] {subprocess.py:93} INFO -   warnings.warn(smsg, UserWarning)
[2025-11-19T22:21:36.151+0000] {subprocess.py:93} INFO - [I 2025-11-19 22:21:36,149] Trial 11 finished with value: 0.7091397621591662 and parameters: {'n_estimators': 145, 'max_depth': 7, 'learning_rate': 0.2878204156577095, 'subsample': 0.7432761941099666, 'colsample_bytree': 0.9837003934028867}. Best is trial 11 with value: 0.7091397621591662.
[2025-11-19T22:21:41.526+0000] {subprocess.py:93} INFO - /home/***/.local/lib/python3.8/site-packages/xgboost/core.py:158: UserWarning: [22:21:36] WARNING: /workspace/src/learner.cc:740:
[2025-11-19T22:21:41.526+0000] {subprocess.py:93} INFO - Parameters: { "use_label_encoder" } are not used.
[2025-11-19T22:21:41.527+0000] {subprocess.py:93} INFO - 
[2025-11-19T22:21:41.527+0000] {subprocess.py:93} INFO -   warnings.warn(smsg, UserWarning)
[2025-11-19T22:21:41.528+0000] {subprocess.py:93} INFO - [I 2025-11-19 22:21:41,525] Trial 12 finished with value: 0.7002905039012661 and parameters: {'n_estimators': 138, 'max_depth': 7, 'learning_rate': 0.2686875742013437, 'subsample': 0.7272101350183433, 'colsample_bytree': 0.9960258146920202}. Best is trial 11 with value: 0.7091397621591662.
[2025-11-19T22:21:48.727+0000] {subprocess.py:93} INFO - /home/***/.local/lib/python3.8/site-packages/xgboost/core.py:158: UserWarning: [22:21:41] WARNING: /workspace/src/learner.cc:740:
[2025-11-19T22:21:48.728+0000] {subprocess.py:93} INFO - Parameters: { "use_label_encoder" } are not used.
[2025-11-19T22:21:48.728+0000] {subprocess.py:93} INFO - 
[2025-11-19T22:21:48.729+0000] {subprocess.py:93} INFO -   warnings.warn(smsg, UserWarning)
[2025-11-19T22:21:48.729+0000] {subprocess.py:93} INFO - [I 2025-11-19 22:21:48,727] Trial 13 finished with value: 0.6149969661575839 and parameters: {'n_estimators': 134, 'max_depth': 7, 'learning_rate': 0.057175545562328206, 'subsample': 0.755943266450957, 'colsample_bytree': 0.9969145482201694}. Best is trial 11 with value: 0.7091397621591662.
[2025-11-19T22:21:53.919+0000] {subprocess.py:93} INFO - /home/***/.local/lib/python3.8/site-packages/xgboost/core.py:158: UserWarning: [22:21:48] WARNING: /workspace/src/learner.cc:740:
[2025-11-19T22:21:53.920+0000] {subprocess.py:93} INFO - Parameters: { "use_label_encoder" } are not used.
[2025-11-19T22:21:53.920+0000] {subprocess.py:93} INFO - 
[2025-11-19T22:21:53.920+0000] {subprocess.py:93} INFO -   warnings.warn(smsg, UserWarning)
[2025-11-19T22:21:53.921+0000] {subprocess.py:93} INFO - [I 2025-11-19 22:21:53,918] Trial 14 finished with value: 0.6859503531720031 and parameters: {'n_estimators': 101, 'max_depth': 7, 'learning_rate': 0.27283385124612913, 'subsample': 0.6728626540421525, 'colsample_bytree': 0.929611480186691}. Best is trial 11 with value: 0.7091397621591662.
[2025-11-19T22:22:03.153+0000] {subprocess.py:93} INFO - /home/***/.local/lib/python3.8/site-packages/xgboost/core.py:158: UserWarning: [22:21:54] WARNING: /workspace/src/learner.cc:740:
[2025-11-19T22:22:03.154+0000] {subprocess.py:93} INFO - Parameters: { "use_label_encoder" } are not used.
[2025-11-19T22:22:03.154+0000] {subprocess.py:93} INFO - 
[2025-11-19T22:22:03.154+0000] {subprocess.py:93} INFO -   warnings.warn(smsg, UserWarning)
[2025-11-19T22:22:03.155+0000] {subprocess.py:93} INFO - [I 2025-11-19 22:22:03,152] Trial 15 finished with value: 0.6230075032229286 and parameters: {'n_estimators': 165, 'max_depth': 6, 'learning_rate': 0.09127578328391284, 'subsample': 0.8055898904077887, 'colsample_bytree': 0.8582979660711815}. Best is trial 11 with value: 0.7091397621591662.
[2025-11-19T22:22:10.978+0000] {subprocess.py:93} INFO - /home/***/.local/lib/python3.8/site-packages/xgboost/core.py:158: UserWarning: [22:22:03] WARNING: /workspace/src/learner.cc:740:
[2025-11-19T22:22:10.979+0000] {subprocess.py:93} INFO - Parameters: { "use_label_encoder" } are not used.
[2025-11-19T22:22:10.979+0000] {subprocess.py:93} INFO - 
[2025-11-19T22:22:10.980+0000] {subprocess.py:93} INFO -   warnings.warn(smsg, UserWarning)
[2025-11-19T22:22:10.980+0000] {subprocess.py:93} INFO - [I 2025-11-19 22:22:10,978] Trial 16 finished with value: 0.6584978577522806 and parameters: {'n_estimators': 128, 'max_depth': 7, 'learning_rate': 0.1255904027213762, 'subsample': 0.6789328984023887, 'colsample_bytree': 0.9497683036002588}. Best is trial 11 with value: 0.7091397621591662.
[2025-11-19T22:22:18.466+0000] {subprocess.py:93} INFO - /home/***/.local/lib/python3.8/site-packages/xgboost/core.py:158: UserWarning: [22:22:11] WARNING: /workspace/src/learner.cc:740:
[2025-11-19T22:22:18.467+0000] {subprocess.py:93} INFO - Parameters: { "use_label_encoder" } are not used.
[2025-11-19T22:22:18.468+0000] {subprocess.py:93} INFO - 
[2025-11-19T22:22:18.469+0000] {subprocess.py:93} INFO -   warnings.warn(smsg, UserWarning)
[2025-11-19T22:22:18.470+0000] {subprocess.py:93} INFO - [I 2025-11-19 22:22:18,466] Trial 17 finished with value: 0.6325309664738474 and parameters: {'n_estimators': 145, 'max_depth': 8, 'learning_rate': 0.05018935886922746, 'subsample': 0.8833807785513081, 'colsample_bytree': 0.759806317234645}. Best is trial 11 with value: 0.7091397621591662.
[2025-11-19T22:22:22.485+0000] {subprocess.py:93} INFO - /home/***/.local/lib/python3.8/site-packages/xgboost/core.py:158: UserWarning: [22:22:18] WARNING: /workspace/src/learner.cc:740:
[2025-11-19T22:22:22.486+0000] {subprocess.py:93} INFO - Parameters: { "use_label_encoder" } are not used.
[2025-11-19T22:22:22.486+0000] {subprocess.py:93} INFO - 
[2025-11-19T22:22:22.487+0000] {subprocess.py:93} INFO -   warnings.warn(smsg, UserWarning)
[2025-11-19T22:22:22.487+0000] {subprocess.py:93} INFO - [I 2025-11-19 22:22:22,485] Trial 18 finished with value: 0.6513471680843275 and parameters: {'n_estimators': 111, 'max_depth': 6, 'learning_rate': 0.2016475269848823, 'subsample': 0.7696837730616185, 'colsample_bytree': 0.9676038046251856}. Best is trial 11 with value: 0.7091397621591662.
[2025-11-19T22:22:33.230+0000] {subprocess.py:93} INFO - /home/***/.local/lib/python3.8/site-packages/xgboost/core.py:158: UserWarning: [22:22:22] WARNING: /workspace/src/learner.cc:740:
[2025-11-19T22:22:33.231+0000] {subprocess.py:93} INFO - Parameters: { "use_label_encoder" } are not used.
[2025-11-19T22:22:33.231+0000] {subprocess.py:93} INFO - 
[2025-11-19T22:22:33.231+0000] {subprocess.py:93} INFO -   warnings.warn(smsg, UserWarning)
[2025-11-19T22:22:33.232+0000] {subprocess.py:93} INFO - [I 2025-11-19 22:22:33,230] Trial 19 finished with value: 0.6701020682887437 and parameters: {'n_estimators': 163, 'max_depth': 7, 'learning_rate': 0.1265700566397555, 'subsample': 0.7069074103669917, 'colsample_bytree': 0.8925601305664711}. Best is trial 11 with value: 0.7091397621591662.
[2025-11-19T22:22:41.992+0000] {subprocess.py:93} INFO - /home/***/.local/lib/python3.8/site-packages/xgboost/core.py:158: UserWarning: [22:22:33] WARNING: /workspace/src/learner.cc:740:
[2025-11-19T22:22:41.993+0000] {subprocess.py:93} INFO - Parameters: { "use_label_encoder" } are not used.
[2025-11-19T22:22:41.993+0000] {subprocess.py:93} INFO - 
[2025-11-19T22:22:41.994+0000] {subprocess.py:93} INFO -   warnings.warn(smsg, UserWarning)
[2025-11-19T22:22:41.995+0000] {subprocess.py:93} INFO - 2025/11/19 22:22:41 WARNING mlflow.utils.git_utils: Failed to import Git (the Git executable is probably not on your PATH), so Git SHA is not available. Error: Failed to initialize: Bad git executable.
[2025-11-19T22:22:41.995+0000] {subprocess.py:93} INFO - The git executable must be specified in one of the following ways:
[2025-11-19T22:22:41.996+0000] {subprocess.py:93} INFO -     - be included in your $PATH
[2025-11-19T22:22:41.996+0000] {subprocess.py:93} INFO -     - be set via $GIT_PYTHON_GIT_EXECUTABLE
[2025-11-19T22:22:41.997+0000] {subprocess.py:93} INFO -     - explicitly set via git.refresh(<full-path-to-git-executable>)
[2025-11-19T22:22:41.997+0000] {subprocess.py:93} INFO - 
[2025-11-19T22:22:41.998+0000] {subprocess.py:93} INFO - All git commands will error until this is rectified.
[2025-11-19T22:22:41.998+0000] {subprocess.py:93} INFO - 
[2025-11-19T22:22:41.999+0000] {subprocess.py:93} INFO - This initial message can be silenced or aggravated in the future by setting the
[2025-11-19T22:22:41.999+0000] {subprocess.py:93} INFO - $GIT_PYTHON_REFRESH environment variable. Use one of the following values:
[2025-11-19T22:22:41.999+0000] {subprocess.py:93} INFO -     - quiet|q|silence|s|silent|none|n|0: for no message or exception
[2025-11-19T22:22:42.000+0000] {subprocess.py:93} INFO -     - warn|w|warning|log|l|1: for a warning message (logging level CRITICAL, displayed by default)
[2025-11-19T22:22:42.000+0000] {subprocess.py:93} INFO -     - error|e|exception|raise|r|2: for a raised exception
[2025-11-19T22:22:42.001+0000] {subprocess.py:93} INFO - 
[2025-11-19T22:22:42.001+0000] {subprocess.py:93} INFO - Example:
[2025-11-19T22:22:42.002+0000] {subprocess.py:93} INFO -     export GIT_PYTHON_REFRESH=quiet
[2025-11-19T22:22:42.002+0000] {subprocess.py:93} INFO - 
[2025-11-19T22:22:46.691+0000] {subprocess.py:93} INFO - Traceback (most recent call last):
[2025-11-19T22:22:46.697+0000] {subprocess.py:93} INFO -   File "/opt/***/scripts/train_optuna_mlflow.py", line 81, in <module>
[2025-11-19T22:22:46.698+0000] {subprocess.py:93} INFO -     run()
[2025-11-19T22:22:46.699+0000] {subprocess.py:93} INFO -   File "/opt/***/scripts/train_optuna_mlflow.py", line 71, in run
[2025-11-19T22:22:46.699+0000] {subprocess.py:93} INFO -     mlflow.sklearn.log_model(best_model, artifact_path='model')
[2025-11-19T22:22:46.700+0000] {subprocess.py:93} INFO -   File "/home/***/.local/lib/python3.8/site-packages/mlflow/sklearn/__init__.py", line 411, in log_model
[2025-11-19T22:22:46.700+0000] {subprocess.py:93} INFO -     return Model.log(
[2025-11-19T22:22:46.701+0000] {subprocess.py:93} INFO -   File "/home/***/.local/lib/python3.8/site-packages/mlflow/models/model.py", line 620, in log
[2025-11-19T22:22:46.701+0000] {subprocess.py:93} INFO -     mlflow.tracking.fluent.log_artifacts(local_path, mlflow_model.artifact_path)
[2025-11-19T22:22:46.701+0000] {subprocess.py:93} INFO -   File "/home/***/.local/lib/python3.8/site-packages/mlflow/tracking/fluent.py", line 1030, in log_artifacts
[2025-11-19T22:22:46.702+0000] {subprocess.py:93} INFO -     MlflowClient().log_artifacts(run_id, local_dir, artifact_path)
[2025-11-19T22:22:46.702+0000] {subprocess.py:93} INFO -   File "/home/***/.local/lib/python3.8/site-packages/mlflow/tracking/client.py", line 1195, in log_artifacts
[2025-11-19T22:22:46.703+0000] {subprocess.py:93} INFO -     self._tracking_client.log_artifacts(run_id, local_dir, artifact_path)
[2025-11-19T22:22:46.703+0000] {subprocess.py:93} INFO -   File "/home/***/.local/lib/python3.8/site-packages/mlflow/tracking/_tracking_service/client.py", line 538, in log_artifacts
[2025-11-19T22:22:46.703+0000] {subprocess.py:93} INFO -     self._get_artifact_repo(run_id).log_artifacts(local_dir, artifact_path)
[2025-11-19T22:22:46.704+0000] {subprocess.py:93} INFO -   File "/home/***/.local/lib/python3.8/site-packages/mlflow/store/artifact/local_artifact_repo.py", line 59, in log_artifacts
[2025-11-19T22:22:46.704+0000] {subprocess.py:93} INFO -     mkdir(artifact_dir)
[2025-11-19T22:22:46.705+0000] {subprocess.py:93} INFO -   File "/home/***/.local/lib/python3.8/site-packages/mlflow/utils/file_utils.py", line 204, in mkdir
[2025-11-19T22:22:46.705+0000] {subprocess.py:93} INFO -     raise e
[2025-11-19T22:22:46.705+0000] {subprocess.py:93} INFO -   File "/home/***/.local/lib/python3.8/site-packages/mlflow/utils/file_utils.py", line 201, in mkdir
[2025-11-19T22:22:46.706+0000] {subprocess.py:93} INFO -     os.makedirs(target)
[2025-11-19T22:22:46.706+0000] {subprocess.py:93} INFO -   File "/usr/local/lib/python3.8/os.py", line 213, in makedirs
[2025-11-19T22:22:46.707+0000] {subprocess.py:93} INFO -     makedirs(head, exist_ok=exist_ok)
[2025-11-19T22:22:46.707+0000] {subprocess.py:93} INFO -   File "/usr/local/lib/python3.8/os.py", line 213, in makedirs
[2025-11-19T22:22:46.708+0000] {subprocess.py:93} INFO -     makedirs(head, exist_ok=exist_ok)
[2025-11-19T22:22:46.708+0000] {subprocess.py:93} INFO -   File "/usr/local/lib/python3.8/os.py", line 213, in makedirs
[2025-11-19T22:22:46.708+0000] {subprocess.py:93} INFO -     makedirs(head, exist_ok=exist_ok)
[2025-11-19T22:22:46.709+0000] {subprocess.py:93} INFO -   [Previous line repeated 1 more time]
[2025-11-19T22:22:46.709+0000] {subprocess.py:93} INFO -   File "/usr/local/lib/python3.8/os.py", line 223, in makedirs
[2025-11-19T22:22:46.710+0000] {subprocess.py:93} INFO -     mkdir(name, mode)
[2025-11-19T22:22:46.711+0000] {subprocess.py:93} INFO - PermissionError: [Errno 13] Permission denied: '/mlruns'
[2025-11-19T22:22:47.088+0000] {subprocess.py:97} INFO - Command exited with return code 1
[2025-11-19T22:22:47.102+0000] {taskinstance.py:2698} ERROR - Task failed with exception
Traceback (most recent call last):
  File "/home/airflow/.local/lib/python3.8/site-packages/airflow/models/taskinstance.py", line 433, in _execute_task
    result = execute_callable(context=context, **execute_callable_kwargs)
  File "/home/airflow/.local/lib/python3.8/site-packages/airflow/operators/bash.py", line 212, in execute
    raise AirflowException(
airflow.exceptions.AirflowException: Bash command failed. The command returned a non-zero exit code 1.
[2025-11-19T22:22:47.106+0000] {taskinstance.py:1138} INFO - Marking task as UP_FOR_RETRY. dag_id=full_ml_pipeline_v2, task_id=retrain_task, execution_date=20251119T221950, start_date=20251119T222016, end_date=20251119T222247
[2025-11-19T22:22:47.129+0000] {standard_task_runner.py:107} ERROR - Failed to execute job 27 for task retrain_task (Bash command failed. The command returned a non-zero exit code 1.; 186)
[2025-11-19T22:22:47.180+0000] {local_task_job_runner.py:234} INFO - Task exited with return code 1
[2025-11-19T22:22:47.221+0000] {taskinstance.py:3280} INFO - 0 downstream tasks scheduled from follow-on schedule check
