[2025-11-19T22:59:35.377+0000] {taskinstance.py:1956} INFO - Dependencies all met for dep_context=non-requeueable deps ti=<TaskInstance: full_ml_pipeline_v2.retrain_task manual__2025-11-19T22:19:50.757745+00:00 [queued]>
[2025-11-19T22:59:35.387+0000] {taskinstance.py:1956} INFO - Dependencies all met for dep_context=requeueable deps ti=<TaskInstance: full_ml_pipeline_v2.retrain_task manual__2025-11-19T22:19:50.757745+00:00 [queued]>
[2025-11-19T22:59:35.388+0000] {taskinstance.py:2170} INFO - Starting attempt 3 of 4
[2025-11-19T22:59:35.402+0000] {taskinstance.py:2191} INFO - Executing <Task(BashOperator): retrain_task> on 2025-11-19 22:19:50.757745+00:00
[2025-11-19T22:59:35.407+0000] {standard_task_runner.py:60} INFO - Started process 407 to run task
[2025-11-19T22:59:35.411+0000] {standard_task_runner.py:87} INFO - Running: ['***', 'tasks', 'run', 'full_ml_pipeline_v2', 'retrain_task', 'manual__2025-11-19T22:19:50.757745+00:00', '--job-id', '29', '--raw', '--subdir', 'DAGS_FOLDER/pipeline_dag.py', '--cfg-path', '/tmp/tmp84p2qlji']
[2025-11-19T22:59:35.414+0000] {standard_task_runner.py:88} INFO - Job 29: Subtask retrain_task
[2025-11-19T22:59:35.637+0000] {task_command.py:423} INFO - Running <TaskInstance: full_ml_pipeline_v2.retrain_task manual__2025-11-19T22:19:50.757745+00:00 [running]> on host 82cf0d6cbc8c
[2025-11-19T22:59:35.709+0000] {taskinstance.py:2480} INFO - Exporting env vars: AIRFLOW_CTX_DAG_OWNER='equipo_datos' AIRFLOW_CTX_DAG_ID='full_ml_pipeline_v2' AIRFLOW_CTX_TASK_ID='retrain_task' AIRFLOW_CTX_EXECUTION_DATE='2025-11-19T22:19:50.757745+00:00' AIRFLOW_CTX_TRY_NUMBER='3' AIRFLOW_CTX_DAG_RUN_ID='manual__2025-11-19T22:19:50.757745+00:00'
[2025-11-19T22:59:35.710+0000] {subprocess.py:63} INFO - Tmp dir root location: /tmp
[2025-11-19T22:59:35.711+0000] {subprocess.py:75} INFO - Running command: ['/usr/bin/bash', '-c', 'python /opt/***/scripts/train_optuna_mlflow.py']
[2025-11-19T22:59:35.721+0000] {subprocess.py:86} INFO - Output:
[2025-11-19T22:59:38.158+0000] {subprocess.py:93} INFO - 2025/11/19 22:59:38 INFO mlflow.tracking.fluent: Experiment with name 'xgboost_optuna_v2' does not exist. Creating a new experiment.
[2025-11-19T22:59:38.767+0000] {subprocess.py:93} INFO - [I 2025-11-19 22:59:38,766] A new study created in memory with name: no-name-75ae5dfe-11d5-4fc1-b55b-a876f2e2f838
[2025-11-19T22:59:45.755+0000] {subprocess.py:93} INFO - /home/***/.local/lib/python3.8/site-packages/xgboost/core.py:158: UserWarning: [22:59:38] WARNING: /workspace/src/learner.cc:740:
[2025-11-19T22:59:45.755+0000] {subprocess.py:93} INFO - Parameters: { "use_label_encoder" } are not used.
[2025-11-19T22:59:45.756+0000] {subprocess.py:93} INFO - 
[2025-11-19T22:59:45.756+0000] {subprocess.py:93} INFO -   warnings.warn(smsg, UserWarning)
[2025-11-19T22:59:45.757+0000] {subprocess.py:93} INFO - [I 2025-11-19 22:59:45,754] Trial 0 finished with value: 0.6378581739817546 and parameters: {'n_estimators': 120, 'max_depth': 8, 'learning_rate': 0.06797696193411382, 'subsample': 0.9631271304326046, 'colsample_bytree': 0.682158405124432}. Best is trial 0 with value: 0.6378581739817546.
[2025-11-19T22:59:53.751+0000] {subprocess.py:93} INFO - /home/***/.local/lib/python3.8/site-packages/xgboost/core.py:158: UserWarning: [22:59:45] WARNING: /workspace/src/learner.cc:740:
[2025-11-19T22:59:53.752+0000] {subprocess.py:93} INFO - Parameters: { "use_label_encoder" } are not used.
[2025-11-19T22:59:53.753+0000] {subprocess.py:93} INFO - 
[2025-11-19T22:59:53.753+0000] {subprocess.py:93} INFO -   warnings.warn(smsg, UserWarning)
[2025-11-19T22:59:53.754+0000] {subprocess.py:93} INFO - [I 2025-11-19 22:59:53,751] Trial 1 finished with value: 0.7093464825772268 and parameters: {'n_estimators': 200, 'max_depth': 7, 'learning_rate': 0.2248169631408928, 'subsample': 0.8296795145192184, 'colsample_bytree': 0.8744954290544058}. Best is trial 1 with value: 0.7093464825772268.
[2025-11-19T23:00:02.844+0000] {subprocess.py:93} INFO - /home/***/.local/lib/python3.8/site-packages/xgboost/core.py:158: UserWarning: [22:59:53] WARNING: /workspace/src/learner.cc:740:
[2025-11-19T23:00:02.844+0000] {subprocess.py:93} INFO - Parameters: { "use_label_encoder" } are not used.
[2025-11-19T23:00:02.845+0000] {subprocess.py:93} INFO - 
[2025-11-19T23:00:02.845+0000] {subprocess.py:93} INFO -   warnings.warn(smsg, UserWarning)
[2025-11-19T23:00:02.846+0000] {subprocess.py:93} INFO - [I 2025-11-19 23:00:02,843] Trial 2 finished with value: 0.5637671141148206 and parameters: {'n_estimators': 148, 'max_depth': 4, 'learning_rate': 0.06350425540597483, 'subsample': 0.9917100437845705, 'colsample_bytree': 0.9874329376806831}. Best is trial 1 with value: 0.7093464825772268.
[2025-11-19T23:00:06.254+0000] {subprocess.py:93} INFO - /home/***/.local/lib/python3.8/site-packages/xgboost/core.py:158: UserWarning: [23:00:02] WARNING: /workspace/src/learner.cc:740:
[2025-11-19T23:00:06.255+0000] {subprocess.py:93} INFO - Parameters: { "use_label_encoder" } are not used.
[2025-11-19T23:00:06.255+0000] {subprocess.py:93} INFO - 
[2025-11-19T23:00:06.256+0000] {subprocess.py:93} INFO -   warnings.warn(smsg, UserWarning)
[2025-11-19T23:00:06.256+0000] {subprocess.py:93} INFO - [I 2025-11-19 23:00:06,254] Trial 3 finished with value: 0.564198378603323 and parameters: {'n_estimators': 102, 'max_depth': 4, 'learning_rate': 0.07984825622739411, 'subsample': 0.6282788704148156, 'colsample_bytree': 0.9023912687865651}. Best is trial 1 with value: 0.7093464825772268.
[2025-11-19T23:00:13.950+0000] {subprocess.py:93} INFO - /home/***/.local/lib/python3.8/site-packages/xgboost/core.py:158: UserWarning: [23:00:06] WARNING: /workspace/src/learner.cc:740:
[2025-11-19T23:00:13.951+0000] {subprocess.py:93} INFO - Parameters: { "use_label_encoder" } are not used.
[2025-11-19T23:00:13.951+0000] {subprocess.py:93} INFO - 
[2025-11-19T23:00:13.952+0000] {subprocess.py:93} INFO -   warnings.warn(smsg, UserWarning)
[2025-11-19T23:00:13.952+0000] {subprocess.py:93} INFO - [I 2025-11-19 23:00:13,950] Trial 4 finished with value: 0.6234082807427692 and parameters: {'n_estimators': 161, 'max_depth': 4, 'learning_rate': 0.2555413368870891, 'subsample': 0.8507446137011906, 'colsample_bytree': 0.9045967219373637}. Best is trial 1 with value: 0.7093464825772268.
[2025-11-19T23:00:24.757+0000] {subprocess.py:93} INFO - /home/***/.local/lib/python3.8/site-packages/xgboost/core.py:158: UserWarning: [23:00:14] WARNING: /workspace/src/learner.cc:740:
[2025-11-19T23:00:24.758+0000] {subprocess.py:93} INFO - Parameters: { "use_label_encoder" } are not used.
[2025-11-19T23:00:24.758+0000] {subprocess.py:93} INFO - 
[2025-11-19T23:00:24.759+0000] {subprocess.py:93} INFO -   warnings.warn(smsg, UserWarning)
[2025-11-19T23:00:24.759+0000] {subprocess.py:93} INFO - [I 2025-11-19 23:00:24,757] Trial 5 finished with value: 0.6377814360853773 and parameters: {'n_estimators': 143, 'max_depth': 8, 'learning_rate': 0.05645121254952092, 'subsample': 0.8819008424698828, 'colsample_bytree': 0.794574688292313}. Best is trial 1 with value: 0.7093464825772268.
[2025-11-19T23:00:33.661+0000] {subprocess.py:93} INFO - /home/***/.local/lib/python3.8/site-packages/xgboost/core.py:158: UserWarning: [23:00:24] WARNING: /workspace/src/learner.cc:740:
[2025-11-19T23:00:33.662+0000] {subprocess.py:93} INFO - Parameters: { "use_label_encoder" } are not used.
[2025-11-19T23:00:33.663+0000] {subprocess.py:93} INFO - 
[2025-11-19T23:00:33.663+0000] {subprocess.py:93} INFO -   warnings.warn(smsg, UserWarning)
[2025-11-19T23:00:33.664+0000] {subprocess.py:93} INFO - [I 2025-11-19 23:00:33,661] Trial 6 finished with value: 0.565919064224945 and parameters: {'n_estimators': 124, 'max_depth': 7, 'learning_rate': 0.012491307753534612, 'subsample': 0.6187994374449578, 'colsample_bytree': 0.8474365107797048}. Best is trial 1 with value: 0.7093464825772268.
[2025-11-19T23:00:44.241+0000] {subprocess.py:93} INFO - /home/***/.local/lib/python3.8/site-packages/xgboost/core.py:158: UserWarning: [23:00:33] WARNING: /workspace/src/learner.cc:740:
[2025-11-19T23:00:44.242+0000] {subprocess.py:93} INFO - Parameters: { "use_label_encoder" } are not used.
[2025-11-19T23:00:44.243+0000] {subprocess.py:93} INFO - 
[2025-11-19T23:00:44.243+0000] {subprocess.py:93} INFO -   warnings.warn(smsg, UserWarning)
[2025-11-19T23:00:44.244+0000] {subprocess.py:93} INFO - [I 2025-11-19 23:00:44,241] Trial 7 finished with value: 0.6105790679899026 and parameters: {'n_estimators': 174, 'max_depth': 7, 'learning_rate': 0.03867934055477305, 'subsample': 0.6798529147532361, 'colsample_bytree': 0.9883849601616101}. Best is trial 1 with value: 0.7093464825772268.
[2025-11-19T23:00:51.668+0000] {subprocess.py:93} INFO - /home/***/.local/lib/python3.8/site-packages/xgboost/core.py:158: UserWarning: [23:00:44] WARNING: /workspace/src/learner.cc:740:
[2025-11-19T23:00:51.669+0000] {subprocess.py:93} INFO - Parameters: { "use_label_encoder" } are not used.
[2025-11-19T23:00:51.670+0000] {subprocess.py:93} INFO - 
[2025-11-19T23:00:51.670+0000] {subprocess.py:93} INFO -   warnings.warn(smsg, UserWarning)
[2025-11-19T23:00:51.670+0000] {subprocess.py:93} INFO - [I 2025-11-19 23:00:51,668] Trial 8 finished with value: 0.5658052078592105 and parameters: {'n_estimators': 127, 'max_depth': 7, 'learning_rate': 0.010468435972036933, 'subsample': 0.7512622434857892, 'colsample_bytree': 0.8115783866733606}. Best is trial 1 with value: 0.7093464825772268.
[2025-11-19T23:01:01.363+0000] {subprocess.py:93} INFO - /home/***/.local/lib/python3.8/site-packages/xgboost/core.py:158: UserWarning: [23:00:51] WARNING: /workspace/src/learner.cc:740:
[2025-11-19T23:01:01.364+0000] {subprocess.py:93} INFO - Parameters: { "use_label_encoder" } are not used.
[2025-11-19T23:01:01.364+0000] {subprocess.py:93} INFO - 
[2025-11-19T23:01:01.365+0000] {subprocess.py:93} INFO -   warnings.warn(smsg, UserWarning)
[2025-11-19T23:01:01.365+0000] {subprocess.py:93} INFO - [I 2025-11-19 23:01:01,363] Trial 9 finished with value: 0.584478730117341 and parameters: {'n_estimators': 120, 'max_depth': 7, 'learning_rate': 0.026232836845326176, 'subsample': 0.9222200007004604, 'colsample_bytree': 0.9794594647678985}. Best is trial 1 with value: 0.7093464825772268.
[2025-11-19T23:01:08.823+0000] {subprocess.py:93} INFO - /home/***/.local/lib/python3.8/site-packages/xgboost/core.py:158: UserWarning: [23:01:01] WARNING: /workspace/src/learner.cc:740:
[2025-11-19T23:01:08.824+0000] {subprocess.py:93} INFO - Parameters: { "use_label_encoder" } are not used.
[2025-11-19T23:01:08.825+0000] {subprocess.py:93} INFO - 
[2025-11-19T23:01:08.825+0000] {subprocess.py:93} INFO -   warnings.warn(smsg, UserWarning)
[2025-11-19T23:01:08.826+0000] {subprocess.py:93} INFO - [I 2025-11-19 23:01:08,823] Trial 10 finished with value: 0.656957089763012 and parameters: {'n_estimators': 191, 'max_depth': 5, 'learning_rate': 0.2427356706864698, 'subsample': 0.7828251012461573, 'colsample_bytree': 0.606531285022054}. Best is trial 1 with value: 0.7093464825772268.
[2025-11-19T23:01:16.394+0000] {subprocess.py:93} INFO - /home/***/.local/lib/python3.8/site-packages/xgboost/core.py:158: UserWarning: [23:01:09] WARNING: /workspace/src/learner.cc:740:
[2025-11-19T23:01:16.395+0000] {subprocess.py:93} INFO - Parameters: { "use_label_encoder" } are not used.
[2025-11-19T23:01:16.395+0000] {subprocess.py:93} INFO - 
[2025-11-19T23:01:16.396+0000] {subprocess.py:93} INFO -   warnings.warn(smsg, UserWarning)
[2025-11-19T23:01:16.396+0000] {subprocess.py:93} INFO - [I 2025-11-19 23:01:16,394] Trial 11 finished with value: 0.6646993452794061 and parameters: {'n_estimators': 199, 'max_depth': 5, 'learning_rate': 0.2590628624724372, 'subsample': 0.7769955973183885, 'colsample_bytree': 0.6497886826695788}. Best is trial 1 with value: 0.7093464825772268.
[2025-11-19T23:01:25.737+0000] {subprocess.py:93} INFO - /home/***/.local/lib/python3.8/site-packages/xgboost/core.py:158: UserWarning: [23:01:16] WARNING: /workspace/src/learner.cc:740:
[2025-11-19T23:01:25.737+0000] {subprocess.py:93} INFO - Parameters: { "use_label_encoder" } are not used.
[2025-11-19T23:01:25.738+0000] {subprocess.py:93} INFO - 
[2025-11-19T23:01:25.738+0000] {subprocess.py:93} INFO -   warnings.warn(smsg, UserWarning)
[2025-11-19T23:01:25.739+0000] {subprocess.py:93} INFO - [I 2025-11-19 23:01:25,736] Trial 12 finished with value: 0.6632123359869018 and parameters: {'n_estimators': 200, 'max_depth': 6, 'learning_rate': 0.14248396157762558, 'subsample': 0.7285544498272268, 'colsample_bytree': 0.7280248231878629}. Best is trial 1 with value: 0.7093464825772268.
[2025-11-19T23:01:33.176+0000] {subprocess.py:93} INFO - /home/***/.local/lib/python3.8/site-packages/xgboost/core.py:158: UserWarning: [23:01:25] WARNING: /workspace/src/learner.cc:740:
[2025-11-19T23:01:33.177+0000] {subprocess.py:93} INFO - Parameters: { "use_label_encoder" } are not used.
[2025-11-19T23:01:33.178+0000] {subprocess.py:93} INFO - 
[2025-11-19T23:01:33.178+0000] {subprocess.py:93} INFO -   warnings.warn(smsg, UserWarning)
[2025-11-19T23:01:33.179+0000] {subprocess.py:93} INFO - [I 2025-11-19 23:01:33,176] Trial 13 finished with value: 0.6242810203865081 and parameters: {'n_estimators': 180, 'max_depth': 5, 'learning_rate': 0.14206278681568354, 'subsample': 0.8375779135421075, 'colsample_bytree': 0.624967136858794}. Best is trial 1 with value: 0.7093464825772268.
[2025-11-19T23:01:46.784+0000] {subprocess.py:93} INFO - /home/***/.local/lib/python3.8/site-packages/xgboost/core.py:158: UserWarning: [23:01:33] WARNING: /workspace/src/learner.cc:740:
[2025-11-19T23:01:46.785+0000] {subprocess.py:93} INFO - Parameters: { "use_label_encoder" } are not used.
[2025-11-19T23:01:46.786+0000] {subprocess.py:93} INFO - 
[2025-11-19T23:01:46.786+0000] {subprocess.py:93} INFO -   warnings.warn(smsg, UserWarning)
[2025-11-19T23:01:46.787+0000] {subprocess.py:93} INFO - [I 2025-11-19 23:01:46,784] Trial 14 finished with value: 0.5786099060078344 and parameters: {'n_estimators': 199, 'max_depth': 3, 'learning_rate': 0.1456579891269967, 'subsample': 0.8031212320389484, 'colsample_bytree': 0.7380606611439846}. Best is trial 1 with value: 0.7093464825772268.
[2025-11-19T23:01:55.834+0000] {subprocess.py:93} INFO - /home/***/.local/lib/python3.8/site-packages/xgboost/core.py:158: UserWarning: [23:01:46] WARNING: /workspace/src/learner.cc:740:
[2025-11-19T23:01:55.835+0000] {subprocess.py:93} INFO - Parameters: { "use_label_encoder" } are not used.
[2025-11-19T23:01:55.835+0000] {subprocess.py:93} INFO - 
[2025-11-19T23:01:55.836+0000] {subprocess.py:93} INFO -   warnings.warn(smsg, UserWarning)
[2025-11-19T23:01:55.836+0000] {subprocess.py:93} INFO - [I 2025-11-19 23:01:55,834] Trial 15 finished with value: 0.6874161269942765 and parameters: {'n_estimators': 181, 'max_depth': 6, 'learning_rate': 0.2538752561783431, 'subsample': 0.6999373026369793, 'colsample_bytree': 0.8937470860261306}. Best is trial 1 with value: 0.7093464825772268.
[2025-11-19T23:02:09.081+0000] {subprocess.py:93} INFO - /home/***/.local/lib/python3.8/site-packages/xgboost/core.py:158: UserWarning: [23:01:56] WARNING: /workspace/src/learner.cc:740:
[2025-11-19T23:02:09.082+0000] {subprocess.py:93} INFO - Parameters: { "use_label_encoder" } are not used.
[2025-11-19T23:02:09.083+0000] {subprocess.py:93} INFO - 
[2025-11-19T23:02:09.083+0000] {subprocess.py:93} INFO -   warnings.warn(smsg, UserWarning)
[2025-11-19T23:02:09.084+0000] {subprocess.py:93} INFO - [I 2025-11-19 23:02:09,081] Trial 16 finished with value: 0.6378531347299558 and parameters: {'n_estimators': 178, 'max_depth': 6, 'learning_rate': 0.10015426524655695, 'subsample': 0.6759962605742573, 'colsample_bytree': 0.907385191589434}. Best is trial 1 with value: 0.7093464825772268.
[2025-11-19T23:02:18.136+0000] {subprocess.py:93} INFO - /home/***/.local/lib/python3.8/site-packages/xgboost/core.py:158: UserWarning: [23:02:09] WARNING: /workspace/src/learner.cc:740:
[2025-11-19T23:02:18.137+0000] {subprocess.py:93} INFO - Parameters: { "use_label_encoder" } are not used.
[2025-11-19T23:02:18.137+0000] {subprocess.py:93} INFO - 
[2025-11-19T23:02:18.138+0000] {subprocess.py:93} INFO -   warnings.warn(smsg, UserWarning)
[2025-11-19T23:02:18.139+0000] {subprocess.py:93} INFO - [I 2025-11-19 23:02:18,136] Trial 17 finished with value: 0.6643180548746013 and parameters: {'n_estimators': 165, 'max_depth': 6, 'learning_rate': 0.18073637931883935, 'subsample': 0.7051257519487928, 'colsample_bytree': 0.8596671937571488}. Best is trial 1 with value: 0.7093464825772268.
[2025-11-19T23:02:31.944+0000] {subprocess.py:93} INFO - /home/***/.local/lib/python3.8/site-packages/xgboost/core.py:158: UserWarning: [23:02:18] WARNING: /workspace/src/learner.cc:740:
[2025-11-19T23:02:31.946+0000] {subprocess.py:93} INFO - Parameters: { "use_label_encoder" } are not used.
[2025-11-19T23:02:31.947+0000] {subprocess.py:93} INFO - 
[2025-11-19T23:02:31.948+0000] {subprocess.py:93} INFO -   warnings.warn(smsg, UserWarning)
[2025-11-19T23:02:31.948+0000] {subprocess.py:93} INFO - [I 2025-11-19 23:02:31,944] Trial 18 finished with value: 0.6842482800113673 and parameters: {'n_estimators': 186, 'max_depth': 8, 'learning_rate': 0.10136315887856513, 'subsample': 0.901796401970853, 'colsample_bytree': 0.9329754561645952}. Best is trial 1 with value: 0.7093464825772268.
[2025-11-19T23:02:41.879+0000] {subprocess.py:93} INFO - /home/***/.local/lib/python3.8/site-packages/xgboost/core.py:158: UserWarning: [23:02:32] WARNING: /workspace/src/learner.cc:740:
[2025-11-19T23:02:41.880+0000] {subprocess.py:93} INFO - Parameters: { "use_label_encoder" } are not used.
[2025-11-19T23:02:41.881+0000] {subprocess.py:93} INFO - 
[2025-11-19T23:02:41.881+0000] {subprocess.py:93} INFO -   warnings.warn(smsg, UserWarning)
[2025-11-19T23:02:41.881+0000] {subprocess.py:93} INFO - [I 2025-11-19 23:02:41,879] Trial 19 finished with value: 0.5843579289346319 and parameters: {'n_estimators': 164, 'max_depth': 6, 'learning_rate': 0.0363923581925713, 'subsample': 0.8221170396687189, 'colsample_bytree': 0.8448672825197606}. Best is trial 1 with value: 0.7093464825772268.
[2025-11-19T23:03:24.305+0000] {subprocess.py:93} INFO - /home/***/.local/lib/python3.8/site-packages/xgboost/core.py:158: UserWarning: [23:02:42] WARNING: /workspace/src/learner.cc:740:
[2025-11-19T23:03:24.306+0000] {subprocess.py:93} INFO - Parameters: { "use_label_encoder" } are not used.
[2025-11-19T23:03:24.307+0000] {subprocess.py:93} INFO - 
[2025-11-19T23:03:24.308+0000] {subprocess.py:93} INFO -   warnings.warn(smsg, UserWarning)
[2025-11-19T23:03:24.308+0000] {subprocess.py:93} INFO - 2025/11/19 23:03:24 WARNING mlflow.utils.git_utils: Failed to import Git (the Git executable is probably not on your PATH), so Git SHA is not available. Error: Failed to initialize: Bad git executable.
[2025-11-19T23:03:24.309+0000] {subprocess.py:93} INFO - The git executable must be specified in one of the following ways:
[2025-11-19T23:03:24.309+0000] {subprocess.py:93} INFO -     - be included in your $PATH
[2025-11-19T23:03:24.310+0000] {subprocess.py:93} INFO -     - be set via $GIT_PYTHON_GIT_EXECUTABLE
[2025-11-19T23:03:24.311+0000] {subprocess.py:93} INFO -     - explicitly set via git.refresh(<full-path-to-git-executable>)
[2025-11-19T23:03:24.311+0000] {subprocess.py:93} INFO - 
[2025-11-19T23:03:24.312+0000] {subprocess.py:93} INFO - All git commands will error until this is rectified.
[2025-11-19T23:03:24.312+0000] {subprocess.py:93} INFO - 
[2025-11-19T23:03:24.312+0000] {subprocess.py:93} INFO - This initial message can be silenced or aggravated in the future by setting the
[2025-11-19T23:03:24.313+0000] {subprocess.py:93} INFO - $GIT_PYTHON_REFRESH environment variable. Use one of the following values:
[2025-11-19T23:03:24.313+0000] {subprocess.py:93} INFO -     - quiet|q|silence|s|silent|none|n|0: for no message or exception
[2025-11-19T23:03:24.314+0000] {subprocess.py:93} INFO -     - warn|w|warning|log|l|1: for a warning message (logging level CRITICAL, displayed by default)
[2025-11-19T23:03:24.315+0000] {subprocess.py:93} INFO -     - error|e|exception|raise|r|2: for a raised exception
[2025-11-19T23:03:24.315+0000] {subprocess.py:93} INFO - 
[2025-11-19T23:03:24.316+0000] {subprocess.py:93} INFO - Example:
[2025-11-19T23:03:24.316+0000] {subprocess.py:93} INFO -     export GIT_PYTHON_REFRESH=quiet
[2025-11-19T23:03:24.317+0000] {subprocess.py:93} INFO - 
[2025-11-19T23:03:28.862+0000] {subprocess.py:93} INFO - Traceback (most recent call last):
[2025-11-19T23:03:28.862+0000] {subprocess.py:93} INFO -   File "/opt/***/scripts/train_optuna_mlflow.py", line 81, in <module>
[2025-11-19T23:03:28.863+0000] {subprocess.py:93} INFO -     run()
[2025-11-19T23:03:28.864+0000] {subprocess.py:93} INFO -   File "/opt/***/scripts/train_optuna_mlflow.py", line 71, in run
[2025-11-19T23:03:28.865+0000] {subprocess.py:93} INFO -     mlflow.sklearn.log_model(best_model, artifact_path='model')
[2025-11-19T23:03:28.865+0000] {subprocess.py:93} INFO -   File "/home/***/.local/lib/python3.8/site-packages/mlflow/sklearn/__init__.py", line 411, in log_model
[2025-11-19T23:03:28.866+0000] {subprocess.py:93} INFO -     return Model.log(
[2025-11-19T23:03:28.867+0000] {subprocess.py:93} INFO -   File "/home/***/.local/lib/python3.8/site-packages/mlflow/models/model.py", line 620, in log
[2025-11-19T23:03:28.868+0000] {subprocess.py:93} INFO -     mlflow.tracking.fluent.log_artifacts(local_path, mlflow_model.artifact_path)
[2025-11-19T23:03:28.868+0000] {subprocess.py:93} INFO -   File "/home/***/.local/lib/python3.8/site-packages/mlflow/tracking/fluent.py", line 1030, in log_artifacts
[2025-11-19T23:03:28.869+0000] {subprocess.py:93} INFO -     MlflowClient().log_artifacts(run_id, local_dir, artifact_path)
[2025-11-19T23:03:28.870+0000] {subprocess.py:93} INFO -   File "/home/***/.local/lib/python3.8/site-packages/mlflow/tracking/client.py", line 1195, in log_artifacts
[2025-11-19T23:03:28.871+0000] {subprocess.py:93} INFO -     self._tracking_client.log_artifacts(run_id, local_dir, artifact_path)
[2025-11-19T23:03:28.871+0000] {subprocess.py:93} INFO -   File "/home/***/.local/lib/python3.8/site-packages/mlflow/tracking/_tracking_service/client.py", line 538, in log_artifacts
[2025-11-19T23:03:28.872+0000] {subprocess.py:93} INFO -     self._get_artifact_repo(run_id).log_artifacts(local_dir, artifact_path)
[2025-11-19T23:03:28.872+0000] {subprocess.py:93} INFO -   File "/home/***/.local/lib/python3.8/site-packages/mlflow/store/artifact/local_artifact_repo.py", line 59, in log_artifacts
[2025-11-19T23:03:28.873+0000] {subprocess.py:93} INFO -     mkdir(artifact_dir)
[2025-11-19T23:03:28.873+0000] {subprocess.py:93} INFO -   File "/home/***/.local/lib/python3.8/site-packages/mlflow/utils/file_utils.py", line 204, in mkdir
[2025-11-19T23:03:28.874+0000] {subprocess.py:93} INFO -     raise e
[2025-11-19T23:03:28.875+0000] {subprocess.py:93} INFO -   File "/home/***/.local/lib/python3.8/site-packages/mlflow/utils/file_utils.py", line 201, in mkdir
[2025-11-19T23:03:28.875+0000] {subprocess.py:93} INFO -     os.makedirs(target)
[2025-11-19T23:03:28.876+0000] {subprocess.py:93} INFO -   File "/usr/local/lib/python3.8/os.py", line 213, in makedirs
[2025-11-19T23:03:28.876+0000] {subprocess.py:93} INFO -     makedirs(head, exist_ok=exist_ok)
[2025-11-19T23:03:28.877+0000] {subprocess.py:93} INFO -   File "/usr/local/lib/python3.8/os.py", line 213, in makedirs
[2025-11-19T23:03:28.877+0000] {subprocess.py:93} INFO -     makedirs(head, exist_ok=exist_ok)
[2025-11-19T23:03:28.878+0000] {subprocess.py:93} INFO -   File "/usr/local/lib/python3.8/os.py", line 213, in makedirs
[2025-11-19T23:03:28.878+0000] {subprocess.py:93} INFO -     makedirs(head, exist_ok=exist_ok)
[2025-11-19T23:03:28.878+0000] {subprocess.py:93} INFO -   [Previous line repeated 1 more time]
[2025-11-19T23:03:28.879+0000] {subprocess.py:93} INFO -   File "/usr/local/lib/python3.8/os.py", line 223, in makedirs
[2025-11-19T23:03:28.879+0000] {subprocess.py:93} INFO -     mkdir(name, mode)
[2025-11-19T23:03:28.880+0000] {subprocess.py:93} INFO - PermissionError: [Errno 13] Permission denied: '/mlruns'
[2025-11-19T23:03:29.382+0000] {subprocess.py:97} INFO - Command exited with return code 1
[2025-11-19T23:03:29.408+0000] {taskinstance.py:2698} ERROR - Task failed with exception
Traceback (most recent call last):
  File "/home/airflow/.local/lib/python3.8/site-packages/airflow/models/taskinstance.py", line 433, in _execute_task
    result = execute_callable(context=context, **execute_callable_kwargs)
  File "/home/airflow/.local/lib/python3.8/site-packages/airflow/operators/bash.py", line 212, in execute
    raise AirflowException(
airflow.exceptions.AirflowException: Bash command failed. The command returned a non-zero exit code 1.
[2025-11-19T23:03:29.419+0000] {taskinstance.py:1138} INFO - Marking task as UP_FOR_RETRY. dag_id=full_ml_pipeline_v2, task_id=retrain_task, execution_date=20251119T221950, start_date=20251119T225935, end_date=20251119T230329
[2025-11-19T23:03:29.465+0000] {standard_task_runner.py:107} ERROR - Failed to execute job 29 for task retrain_task (Bash command failed. The command returned a non-zero exit code 1.; 407)
[2025-11-19T23:03:29.510+0000] {local_task_job_runner.py:234} INFO - Task exited with return code 1
[2025-11-19T23:03:29.541+0000] {taskinstance.py:3280} INFO - 0 downstream tasks scheduled from follow-on schedule check
